Archive member included to satisfy reference by file (symbol)

/opt/st/stm32cubeide_1.14.0/plugins/com.st.stm32cube.ide.mcu.externaltools.gnu-tools-for-stm32.11.3.rel1.linux64_1.1.100.202309141235/tools/bin/../lib/gcc/arm-none-eabi/11.3.1/../../../../arm-none-eabi/lib/thumb/v7-m/nofp/libc_nano.a(libc_a-exit.o)
                              /opt/st/stm32cubeide_1.14.0/plugins/com.st.stm32cube.ide.mcu.externaltools.gnu-tools-for-stm32.11.3.rel1.linux64_1.1.100.202309141235/tools/bin/../lib/gcc/arm-none-eabi/11.3.1/../../../../arm-none-eabi/lib/thumb/v7-m/nofp/crt0.o (exit)
/opt/st/stm32cubeide_1.14.0/plugins/com.st.stm32cube.ide.mcu.externaltools.gnu-tools-for-stm32.11.3.rel1.linux64_1.1.100.202309141235/tools/bin/../lib/gcc/arm-none-eabi/11.3.1/../../../../arm-none-eabi/lib/thumb/v7-m/nofp/libc_nano.a(libc_a-findfp.o)
                              /opt/st/stm32cubeide_1.14.0/plugins/com.st.stm32cube.ide.mcu.externaltools.gnu-tools-for-stm32.11.3.rel1.linux64_1.1.100.202309141235/tools/bin/../lib/gcc/arm-none-eabi/11.3.1/../../../../arm-none-eabi/lib/thumb/v7-m/nofp/libc_nano.a(libc_a-exit.o) (__stdio_exit_handler)
/opt/st/stm32cubeide_1.14.0/plugins/com.st.stm32cube.ide.mcu.externaltools.gnu-tools-for-stm32.11.3.rel1.linux64_1.1.100.202309141235/tools/bin/../lib/gcc/arm-none-eabi/11.3.1/../../../../arm-none-eabi/lib/thumb/v7-m/nofp/libc_nano.a(libc_a-fwalk.o)
                              /opt/st/stm32cubeide_1.14.0/plugins/com.st.stm32cube.ide.mcu.externaltools.gnu-tools-for-stm32.11.3.rel1.linux64_1.1.100.202309141235/tools/bin/../lib/gcc/arm-none-eabi/11.3.1/../../../../arm-none-eabi/lib/thumb/v7-m/nofp/libc_nano.a(libc_a-findfp.o) (_fwalk_sglue)
/opt/st/stm32cubeide_1.14.0/plugins/com.st.stm32cube.ide.mcu.externaltools.gnu-tools-for-stm32.11.3.rel1.linux64_1.1.100.202309141235/tools/bin/../lib/gcc/arm-none-eabi/11.3.1/../../../../arm-none-eabi/lib/thumb/v7-m/nofp/libc_nano.a(libc_a-stdio.o)
                              /opt/st/stm32cubeide_1.14.0/plugins/com.st.stm32cube.ide.mcu.externaltools.gnu-tools-for-stm32.11.3.rel1.linux64_1.1.100.202309141235/tools/bin/../lib/gcc/arm-none-eabi/11.3.1/../../../../arm-none-eabi/lib/thumb/v7-m/nofp/libc_nano.a(libc_a-findfp.o) (__sread)
/opt/st/stm32cubeide_1.14.0/plugins/com.st.stm32cube.ide.mcu.externaltools.gnu-tools-for-stm32.11.3.rel1.linux64_1.1.100.202309141235/tools/bin/../lib/gcc/arm-none-eabi/11.3.1/../../../../arm-none-eabi/lib/thumb/v7-m/nofp/libc_nano.a(libc_a-memset.o)
                              /opt/st/stm32cubeide_1.14.0/plugins/com.st.stm32cube.ide.mcu.externaltools.gnu-tools-for-stm32.11.3.rel1.linux64_1.1.100.202309141235/tools/bin/../lib/gcc/arm-none-eabi/11.3.1/../../../../arm-none-eabi/lib/thumb/v7-m/nofp/crt0.o (memset)
/opt/st/stm32cubeide_1.14.0/plugins/com.st.stm32cube.ide.mcu.externaltools.gnu-tools-for-stm32.11.3.rel1.linux64_1.1.100.202309141235/tools/bin/../lib/gcc/arm-none-eabi/11.3.1/../../../../arm-none-eabi/lib/thumb/v7-m/nofp/libc_nano.a(libc_a-closer.o)
                              /opt/st/stm32cubeide_1.14.0/plugins/com.st.stm32cube.ide.mcu.externaltools.gnu-tools-for-stm32.11.3.rel1.linux64_1.1.100.202309141235/tools/bin/../lib/gcc/arm-none-eabi/11.3.1/../../../../arm-none-eabi/lib/thumb/v7-m/nofp/libc_nano.a(libc_a-stdio.o) (_close_r)
/opt/st/stm32cubeide_1.14.0/plugins/com.st.stm32cube.ide.mcu.externaltools.gnu-tools-for-stm32.11.3.rel1.linux64_1.1.100.202309141235/tools/bin/../lib/gcc/arm-none-eabi/11.3.1/../../../../arm-none-eabi/lib/thumb/v7-m/nofp/libc_nano.a(libc_a-reent.o)
                              /opt/st/stm32cubeide_1.14.0/plugins/com.st.stm32cube.ide.mcu.externaltools.gnu-tools-for-stm32.11.3.rel1.linux64_1.1.100.202309141235/tools/bin/../lib/gcc/arm-none-eabi/11.3.1/../../../../arm-none-eabi/lib/thumb/v7-m/nofp/libc_nano.a(libc_a-closer.o) (errno)
/opt/st/stm32cubeide_1.14.0/plugins/com.st.stm32cube.ide.mcu.externaltools.gnu-tools-for-stm32.11.3.rel1.linux64_1.1.100.202309141235/tools/bin/../lib/gcc/arm-none-eabi/11.3.1/../../../../arm-none-eabi/lib/thumb/v7-m/nofp/libc_nano.a(libc_a-impure.o)
                              /opt/st/stm32cubeide_1.14.0/plugins/com.st.stm32cube.ide.mcu.externaltools.gnu-tools-for-stm32.11.3.rel1.linux64_1.1.100.202309141235/tools/bin/../lib/gcc/arm-none-eabi/11.3.1/../../../../arm-none-eabi/lib/thumb/v7-m/nofp/libc_nano.a(libc_a-reent.o) (_impure_ptr)
/opt/st/stm32cubeide_1.14.0/plugins/com.st.stm32cube.ide.mcu.externaltools.gnu-tools-for-stm32.11.3.rel1.linux64_1.1.100.202309141235/tools/bin/../lib/gcc/arm-none-eabi/11.3.1/../../../../arm-none-eabi/lib/thumb/v7-m/nofp/libc_nano.a(libc_a-lseekr.o)
                              /opt/st/stm32cubeide_1.14.0/plugins/com.st.stm32cube.ide.mcu.externaltools.gnu-tools-for-stm32.11.3.rel1.linux64_1.1.100.202309141235/tools/bin/../lib/gcc/arm-none-eabi/11.3.1/../../../../arm-none-eabi/lib/thumb/v7-m/nofp/libc_nano.a(libc_a-stdio.o) (_lseek_r)
[...]
Memory Configuration

Name             Origin             Length             Attributes
RAM              0x0000000020000000 0x0000000000005000 xrw
FLASH            0x0000000008000000 0x0000000000020000 xr
*default*        0x0000000000000000 0xffffffffffffffff

Linker script and memory map

LOAD /opt/st/stm32cubeide_1.14.0/plugins/com.st.stm32cube.ide.mcu.externaltools.gnu-tools-for-stm32.11.3.rel1.linux64_1.1.100.202309141235/tools/bin/../lib/gcc/arm-none-eabi/11.3.1/thumb/v7-m/nofp/crti.o
LOAD /opt/st/stm32cubeide_1.14.0/plugins/com.st.stm32cube.ide.mcu.externaltools.gnu-tools-for-stm32.11.3.rel1.linux64_1.1.100.202309141235/tools/bin/../lib/gcc/arm-none-eabi/11.3.1/thumb/v7-m/nofp/crtbegin.o
LOAD /opt/st/stm32cubeide_1.14.0/plugins/com.st.stm32cube.ide.mcu.externaltools.gnu-tools-for-stm32.11.3.rel1.linux64_1.1.100.202309141235/tools/bin/../lib/gcc/arm-none-eabi/11.3.1/../../../../arm-none-eabi/lib/thumb/v7-m/nofp/crt0.o
LOAD ./Core/Src/adc.o
LOAD ./Core/Src/dma.o
LOAD ./Core/Src/gpio.o
LOAD ./Core/Src/main.o
LOAD ./Core/Src/stm32f1xx_hal_msp.o
LOAD ./Core/Src/stm32f1xx_it.o
LOAD ./Core/Src/syscalls.o
LOAD ./Core/Src/sysmem.o
LOAD ./Core/Src/system_stm32f1xx.o
LOAD ./Core/Src/tim.o
LOAD ./Core/Src/usart.o
LOAD ./Core/Startup/startup_stm32f103rbtx.o
LOAD ./Drivers/STM32F1xx_HAL_Driver/Src/stm32f1xx_hal.o
LOAD ./Drivers/STM32F1xx_HAL_Driver/Src/stm32f1xx_hal_adc.o
LOAD ./Drivers/STM32F1xx_HAL_Driver/Src/stm32f1xx_hal_adc_ex.o
LOAD ./Drivers/STM32F1xx_HAL_Driver/Src/stm32f1xx_hal_cortex.o
LOAD ./Drivers/STM32F1xx_HAL_Driver/Src/stm32f1xx_hal_dma.o
LOAD ./Drivers/STM32F1xx_HAL_Driver/Src/stm32f1xx_hal_exti.o
LOAD ./Drivers/STM32F1xx_HAL_Driver/Src/stm32f1xx_hal_flash.o
LOAD ./Drivers/STM32F1xx_HAL_Driver/Src/stm32f1xx_hal_flash_ex.o
LOAD ./Drivers/STM32F1xx_HAL_Driver/Src/stm32f1xx_hal_gpio.o
LOAD ./Drivers/STM32F1xx_HAL_Driver/Src/stm32f1xx_hal_gpio_ex.o
LOAD ./Drivers/STM32F1xx_HAL_Driver/Src/stm32f1xx_hal_pwr.o
LOAD ./Drivers/STM32F1xx_HAL_Driver/Src/stm32f1xx_hal_rcc.o
LOAD ./Drivers/STM32F1xx_HAL_Driver/Src/stm32f1xx_hal_rcc_ex.o
LOAD ./Drivers/STM32F1xx_HAL_Driver/Src/stm32f1xx_hal_tim.o
LOAD ./Drivers/STM32F1xx_HAL_Driver/Src/stm32f1xx_hal_tim_ex.o
LOAD ./Drivers/STM32F1xx_HAL_Driver/Src/stm32f1xx_hal_uart.o
START GROUP
LOAD /opt/st/stm32cubeide_1.14.0/plugins/com.st.stm32cube.ide.mcu.externaltools.gnu-tools-for-stm32.11.3.rel1.linux64_1.1.100.202309141235/tools/bin/../lib/gcc/arm-none-eabi/11.3.1/../../../../arm-none-eabi/lib/thumb/v7-m/nofp/libc_nano.a
LOAD /opt/st/stm32cubeide_1.14.0/plugins/com.st.stm32cube.ide.mcu.externaltools.gnu-tools-for-stm32.11.3.rel1.linux64_1.1.100.202309141235/tools/bin/../lib/gcc/arm-none-eabi/11.3.1/../../../../arm-none-eabi/lib/thumb/v7-m/nofp/libm.a
END GROUP
START GROUP
LOAD /opt/st/stm32cubeide_1.14.0/plugins/com.st.stm32cube.ide.mcu.externaltools.gnu-tools-for-stm32.11.3.rel1.linux64_1.1.100.202309141235/tools/bin/../lib/gcc/arm-none-eabi/11.3.1/thumb/v7-m/nofp/libgcc.a
LOAD /opt/st/stm32cubeide_1.14.0/plugins/com.st.stm32cube.ide.mcu.externaltools.gnu-tools-for-stm32.11.3.rel1.linux64_1.1.100.202309141235/tools/bin/../lib/gcc/arm-none-eabi/11.3.1/../../../../arm-none-eabi/lib/thumb/v7-m/nofp/libc_nano.a
END GROUP
START GROUP
LOAD /opt/st/stm32cubeide_1.14.0/plugins/com.st.stm32cube.ide.mcu.externaltools.gnu-tools-for-stm32.11.3.rel1.linux64_1.1.100.202309141235/tools/bin/../lib/gcc/arm-none-eabi/11.3.1/thumb/v7-m/nofp/libgcc.a
LOAD /opt/st/stm32cubeide_1.14.0/plugins/com.st.stm32cube.ide.mcu.externaltools.gnu-tools-for-stm32.11.3.rel1.linux64_1.1.100.202309141235/tools/bin/../lib/gcc/arm-none-eabi/11.3.1/../../../../arm-none-eabi/lib/thumb/v7-m/nofp/libc_nano.a
LOAD /opt/st/stm32cubeide_1.14.0/plugins/com.st.stm32cube.ide.mcu.externaltools.gnu-tools-for-stm32.11.3.rel1.linux64_1.1.100.202309141235/tools/bin/../lib/gcc/arm-none-eabi/11.3.1/../../../../arm-none-eabi/lib/thumb/v7-m/nofp/libnosys.a
END GROUP
START GROUP
LOAD /opt/st/stm32cubeide_1.14.0/plugins/com.st.stm32cube.ide.mcu.externaltools.gnu-tools-for-stm32.11.3.rel1.linux64_1.1.100.202309141235/tools/bin/../lib/gcc/arm-none-eabi/11.3.1/thumb/v7-m/nofp/libgcc.a
LOAD /opt/st/stm32cubeide_1.14.0/plugins/com.st.stm32cube.ide.mcu.externaltools.gnu-tools-for-stm32.11.3.rel1.linux64_1.1.100.202309141235/tools/bin/../lib/gcc/arm-none-eabi/11.3.1/../../../../arm-none-eabi/lib/thumb/v7-m/nofp/libc_nano.a
LOAD /opt/st/stm32cubeide_1.14.0/plugins/com.st.stm32cube.ide.mcu.externaltools.gnu-tools-for-stm32.11.3.rel1.linux64_1.1.100.202309141235/tools/bin/../lib/gcc/arm-none-eabi/11.3.1/../../../../arm-none-eabi/lib/thumb/v7-m/nofp/libnosys.a
END GROUP
LOAD /opt/st/stm32cubeide_1.14.0/plugins/com.st.stm32cube.ide.mcu.externaltools.gnu-tools-for-stm32.11.3.rel1.linux64_1.1.100.202309141235/tools/bin/../lib/gcc/arm-none-eabi/11.3.1/thumb/v7-m/nofp/crtend.o
LOAD /opt/st/stm32cubeide_1.14.0/plugins/com.st.stm32cube.ide.mcu.externaltools.gnu-tools-for-stm32.11.3.rel1.linux64_1.1.100.202309141235/tools/bin/../lib/gcc/arm-none-eabi/11.3.1/thumb/v7-m/nofp/crtn.o
                0x0000000020005000                _estack = (ORIGIN (RAM) + LENGTH (RAM))
                0x0000000000000200                _Min_Heap_Size = 0x200
                0x0000000000000400                _Min_Stack_Size = 0x400

.isr_vector     0x0000000008000000      0x10c
                0x0000000008000000                . = ALIGN (0x4)
 *(.isr_vector)
 .isr_vector    0x0000000008000000      0x10c ./Core/Startup/startup_stm32f103rbtx.o
                0x0000000008000000                g_pfnVectors
                0x000000000800010c                . = ALIGN (0x4)

.text           0x000000000800010c     0x6a74
                0x000000000800010c                . = ALIGN (0x4)
 *(.text)
 .text          0x000000000800010c       0x40 /opt/st/stm32cubeide_1.14.0/plugins/com.st.stm32cube.ide.mcu.externaltools.gnu-tools-for-stm32.11.3.rel1.linux64_1.1.100.202309141235/tools/bin/../lib/gcc/arm-none-eabi/11.3.1/thumb/v7-m/nofp/crtbegin.o
 *(.text*)
 .text.MX_ADC1_Init
                0x000000000800014c      0x138 ./Core/Src/adc.o
                0x000000000800014c                MX_ADC1_Init
 .text.HAL_ADC_MspInit
                0x0000000008000284      0x110 ./Core/Src/adc.o
                0x0000000008000284                HAL_ADC_MspInit
 .text.MX_DMA_Init
                0x0000000008000394       0x3c ./Core/Src/dma.o
                0x0000000008000394                MX_DMA_Init
 .text.MX_GPIO_Init
                0x00000000080003d0      0x198 ./Core/Src/gpio.o
                0x00000000080003d0                MX_GPIO_Init
 .text.main     0x0000000008000568       0xd8 ./Core/Src/main.o
                0x0000000008000568                main
 .text.SystemClock_Config
                0x0000000008000640       0xae ./Core/Src/main.o
                0x0000000008000640                SystemClock_Config
 .text.MX_NVIC_Init
                0x00000000080006ee       0x28 ./Core/Src/main.o
 *fill*         0x0000000008000716        0x2 
 .text.Gestion_Commandes
                0x0000000008000718      0xab0 ./Core/Src/main.o
                0x0000000008000718                Gestion_Commandes
 .text.controle
                0x00000000080011c8       0x28 ./Core/Src/main.o
                0x00000000080011c8                controle
 .text.ACS      0x00000000080011f0      0x320 ./Core/Src/main.o
                0x00000000080011f0                ACS
 .text.Calcul_Vit
                0x0000000008001510       0xc4 ./Core/Src/main.o
                0x0000000008001510                Calcul_Vit
 .text.regulateur
                0x00000000080015d4      0x2dc ./Core/Src/main.o
                0x00000000080015d4                regulateur
 .text.HAL_UART_RxCpltCallback
                0x00000000080018b0      0x110 ./Core/Src/main.o
                0x00000000080018b0                HAL_UART_RxCpltCallback
 .text.HAL_ADC_ConvCpltCallback
                0x00000000080019c0       0x78 ./Core/Src/main.o
                0x00000000080019c0                HAL_ADC_ConvCpltCallback
 .text.HAL_TIM_PeriodElapsedCallback
                0x0000000008001a38      0x130 ./Core/Src/main.o
                0x0000000008001a38                HAL_TIM_PeriodElapsedCallback
 .text.HAL_GPIO_EXTI_Callback
                0x0000000008001b68       0x48 ./Core/Src/main.o
                0x0000000008001b68                HAL_GPIO_EXTI_Callback
 .text.HAL_ADC_LevelOutOfWindowCallback
                0x0000000008001bb0       0x20 ./Core/Src/main.o
                0x0000000008001bb0                HAL_ADC_LevelOutOfWindowCallback
 .text.HAL_TIM_IC_CaptureCallback
                0x0000000008001bd0       0x5c ./Core/Src/main.o
                0x0000000008001bd0                HAL_TIM_IC_CaptureCallback
 .text.SonarStart
                0x0000000008001c2c       0x18 ./Core/Src/main.o
                0x0000000008001c2c                SonarStart
 .text.SonarStop
                0x0000000008001c44       0x18 ./Core/Src/main.o
                0x0000000008001c44                SonarStop
 .text.ServoAngle
                0x0000000008001c5c       0x60 ./Core/Src/main.o
                0x0000000008001c5c                ServoAngle
 .text.MesurePosition
                0x0000000008001cbc       0xf8 ./Core/Src/main.o
                0x0000000008001cbc                MesurePosition
 .text.MES_PARK
                0x0000000008001db4       0xf8 ./Core/Src/main.o
                0x0000000008001db4                MES_PARK
 .text.TurnRight
                0x0000000008001eac       0x4c ./Core/Src/main.o
                0x0000000008001eac                TurnRight
 .text.TurnLeft
                0x0000000008001ef8       0x4c ./Core/Src/main.o
                0x0000000008001ef8                TurnLeft
 .text.MOVPARK  0x0000000008001f44      0x210 ./Core/Src/main.o
                0x0000000008001f44                MOVPARK
 .text.SonarDistance
                0x0000000008002154       0xd4 ./Core/Src/main.o
                0x0000000008002154                SonarDistance
 .text.Error_Handler
                0x0000000008002228        0xc ./Core/Src/main.o
                0x0000000008002228                Error_Handler
 .text.HAL_MspInit
                0x0000000008002234       0x64 ./Core/Src/stm32f1xx_hal_msp.o
                0x0000000008002234                HAL_MspInit
 .text.SysTick_Handler
                0x0000000008002298        0xc ./Core/Src/stm32f1xx_it.o
                0x0000000008002298                SysTick_Handler
 .text.DMA1_Channel1_IRQHandler
                0x00000000080022a4       0x14 ./Core/Src/stm32f1xx_it.o
                0x00000000080022a4                DMA1_Channel1_IRQHandler
 .text.ADC1_2_IRQHandler
                0x00000000080022b8       0x14 ./Core/Src/stm32f1xx_it.o
                0x00000000080022b8                ADC1_2_IRQHandler
 .text.TIM1_CC_IRQHandler
                0x00000000080022cc       0x14 ./Core/Src/stm32f1xx_it.o
                0x00000000080022cc                TIM1_CC_IRQHandler
 .text.TIM2_IRQHandler
                0x00000000080022e0       0x14 ./Core/Src/stm32f1xx_it.o
                0x00000000080022e0                TIM2_IRQHandler
 .text.USART1_IRQHandler
                0x00000000080022f4       0x14 ./Core/Src/stm32f1xx_it.o
                0x00000000080022f4                USART1_IRQHandler
 .text.USART3_IRQHandler
                0x0000000008002308       0x14 ./Core/Src/stm32f1xx_it.o
                0x0000000008002308                USART3_IRQHandler
 .text.EXTI15_10_IRQHandler
                0x000000000800231c       0x10 ./Core/Src/stm32f1xx_it.o
                0x000000000800231c                EXTI15_10_IRQHandler
 .text.SystemInit
                0x000000000800232c       0x68 ./Core/Src/system_stm32f1xx.o
                0x000000000800232c                SystemInit
 .text.MX_TIM1_Init
                0x0000000008002394      0x1a4 ./Core/Src/tim.o
                0x0000000008002394                MX_TIM1_Init
 .text.MX_TIM2_Init
                0x0000000008002538      0x130 ./Core/Src/tim.o
                0x0000000008002538                MX_TIM2_Init
 .text.MX_TIM3_Init
                0x0000000008002668       0xa8 ./Core/Src/tim.o
                0x0000000008002668                MX_TIM3_Init
 .text.MX_TIM4_Init
                0x0000000008002710       0xa8 ./Core/Src/tim.o
                0x0000000008002710                MX_TIM4_Init
 .text.HAL_TIM_PWM_MspInit
                0x00000000080027b8       0x90 ./Core/Src/tim.o
                0x00000000080027b8                HAL_TIM_PWM_MspInit
 .text.HAL_TIM_Base_MspInit
                0x0000000008002848       0x48 ./Core/Src/tim.o
                0x0000000008002848                HAL_TIM_Base_MspInit
 .text.HAL_TIM_Encoder_MspInit
                0x0000000008002890       0xfc ./Core/Src/tim.o
                0x0000000008002890                HAL_TIM_Encoder_MspInit
 .text.HAL_TIM_MspPostInit
                0x000000000800298c      0x104 ./Core/Src/tim.o
                0x000000000800298c                HAL_TIM_MspPostInit
 .text.MX_USART1_UART_Init
                0x0000000008002a90       0x54 ./Core/Src/usart.o
                0x0000000008002a90                MX_USART1_UART_Init
 .text.MX_USART3_UART_Init
                0x0000000008002ae4       0x54 ./Core/Src/usart.o
                0x0000000008002ae4                MX_USART3_UART_Init
 .text.HAL_UART_MspInit
                0x0000000008002b38      0x148 ./Core/Src/usart.o
                0x0000000008002b38                HAL_UART_MspInit
 .text.Reset_Handler
                0x0000000008002c80       0x48 ./Core/Startup/startup_stm32f103rbtx.o
                0x0000000008002c80                Reset_Handler
 .text.Default_Handler
                0x0000000008002cc8        0x2 ./Core/Startup/startup_stm32f103rbtx.o
                0x0000000008002cc8                RTC_Alarm_IRQHandler
                0x0000000008002cc8                EXTI2_IRQHandler
                0x0000000008002cc8                DebugMon_Handler
                0x0000000008002cc8                HardFault_Handler
                0x0000000008002cc8                PVD_IRQHandler
                0x0000000008002cc8                PendSV_Handler
                0x0000000008002cc8                NMI_Handler
                0x0000000008002cc8                EXTI3_IRQHandler
                0x0000000008002cc8                EXTI0_IRQHandler
                0x0000000008002cc8                I2C2_EV_IRQHandler
                0x0000000008002cc8                UsageFault_Handler
                0x0000000008002cc8                SPI1_IRQHandler
                0x0000000008002cc8                TAMPER_IRQHandler
                0x0000000008002cc8                DMA1_Channel4_IRQHandler
                0x0000000008002cc8                RTC_IRQHandler
                0x0000000008002cc8                DMA1_Channel7_IRQHandler
                0x0000000008002cc8                CAN1_RX1_IRQHandler
                0x0000000008002cc8                TIM4_IRQHandler
                0x0000000008002cc8                I2C1_EV_IRQHandler
                0x0000000008002cc8                DMA1_Channel6_IRQHandler
                0x0000000008002cc8                TIM3_IRQHandler
                0x0000000008002cc8                RCC_IRQHandler
                0x0000000008002cc8                TIM1_TRG_COM_IRQHandler
                0x0000000008002cc8                Default_Handler
                0x0000000008002cc8                EXTI9_5_IRQHandler
                0x0000000008002cc8                SPI2_IRQHandler
                0x0000000008002cc8                MemManage_Handler
                0x0000000008002cc8                SVC_Handler
                0x0000000008002cc8                DMA1_Channel5_IRQHandler
                0x0000000008002cc8                EXTI4_IRQHandler
                0x0000000008002cc8                USB_LP_CAN1_RX0_IRQHandler
                0x0000000008002cc8                USB_HP_CAN1_TX_IRQHandler
                0x0000000008002cc8                DMA1_Channel3_IRQHandler
                0x0000000008002cc8                TIM1_UP_IRQHandler
                0x0000000008002cc8                WWDG_IRQHandler
                0x0000000008002cc8                TIM1_BRK_IRQHandler
                0x0000000008002cc8                EXTI1_IRQHandler
                0x0000000008002cc8                USART2_IRQHandler
                0x0000000008002cc8                I2C2_ER_IRQHandler
                0x0000000008002cc8                DMA1_Channel2_IRQHandler
                0x0000000008002cc8                CAN1_SCE_IRQHandler
                0x0000000008002cc8                FLASH_IRQHandler
                0x0000000008002cc8                BusFault_Handler
                0x0000000008002cc8                I2C1_ER_IRQHandler
                0x0000000008002cc8                USBWakeUp_IRQHandler
 *fill*         0x0000000008002cca        0x2 
 .text.HAL_Init
                0x0000000008002ccc       0x2c ./Drivers/STM32F1xx_HAL_Driver/Src/stm32f1xx_hal.o
                0x0000000008002ccc                HAL_Init
 .text.HAL_InitTick
                0x0000000008002cf8       0x60 ./Drivers/STM32F1xx_HAL_Driver/Src/stm32f1xx_hal.o
                0x0000000008002cf8                HAL_InitTick
 .text.HAL_IncTick
                0x0000000008002d58       0x24 ./Drivers/STM32F1xx_HAL_Driver/Src/stm32f1xx_hal.o
                0x0000000008002d58                HAL_IncTick
 .text.HAL_GetTick
                0x0000000008002d7c       0x14 ./Drivers/STM32F1xx_HAL_Driver/Src/stm32f1xx_hal.o
                0x0000000008002d7c                HAL_GetTick
 .text.HAL_SuspendTick
                0x0000000008002d90       0x1c ./Drivers/STM32F1xx_HAL_Driver/Src/stm32f1xx_hal.o
                0x0000000008002d90                HAL_SuspendTick
 .text.HAL_ADC_Init
                0x0000000008002dac      0x1b0 ./Drivers/STM32F1xx_HAL_Driver/Src/stm32f1xx_hal_adc.o
                0x0000000008002dac                HAL_ADC_Init
 .text.HAL_ADC_Start_DMA
                0x0000000008002f5c      0x1bc ./Drivers/STM32F1xx_HAL_Driver/Src/stm32f1xx_hal_adc.o
                0x0000000008002f5c                HAL_ADC_Start_DMA
 .text.HAL_ADC_Stop_DMA
                0x0000000008003118       0x8a ./Drivers/STM32F1xx_HAL_Driver/Src/stm32f1xx_hal_adc.o
                0x0000000008003118                HAL_ADC_Stop_DMA
 .text.HAL_ADC_IRQHandler
                0x00000000080031a2      0x186 ./Drivers/STM32F1xx_HAL_Driver/Src/stm32f1xx_hal_adc.o
                0x00000000080031a2                HAL_ADC_IRQHandler
 .text.HAL_ADC_ConvHalfCpltCallback
                0x0000000008003328       0x12 ./Drivers/STM32F1xx_HAL_Driver/Src/stm32f1xx_hal_adc.o
                0x0000000008003328                HAL_ADC_ConvHalfCpltCallback
 .text.HAL_ADC_ErrorCallback
                0x000000000800333a       0x12 ./Drivers/STM32F1xx_HAL_Driver/Src/stm32f1xx_hal_adc.o
                0x000000000800333a                HAL_ADC_ErrorCallback
 .text.HAL_ADC_ConfigChannel
                0x000000000800334c      0x1f0 ./Drivers/STM32F1xx_HAL_Driver/Src/stm32f1xx_hal_adc.o
                0x000000000800334c                HAL_ADC_ConfigChannel
 .text.HAL_ADC_AnalogWDGConfig
                0x000000000800353c       0xac ./Drivers/STM32F1xx_HAL_Driver/Src/stm32f1xx_hal_adc.o
                0x000000000800353c                HAL_ADC_AnalogWDGConfig
 .text.ADC_Enable
                0x00000000080035e8       0xa4 ./Drivers/STM32F1xx_HAL_Driver/Src/stm32f1xx_hal_adc.o
                0x00000000080035e8                ADC_Enable
 .text.ADC_ConversionStop_Disable
                0x000000000800368c       0x74 ./Drivers/STM32F1xx_HAL_Driver/Src/stm32f1xx_hal_adc.o
                0x000000000800368c                ADC_ConversionStop_Disable
 .text.ADC_DMAConvCplt
                0x0000000008003700       0x7c ./Drivers/STM32F1xx_HAL_Driver/Src/stm32f1xx_hal_adc.o
                0x0000000008003700                ADC_DMAConvCplt
 .text.ADC_DMAHalfConvCplt
                0x000000000800377c       0x1c ./Drivers/STM32F1xx_HAL_Driver/Src/stm32f1xx_hal_adc.o
                0x000000000800377c                ADC_DMAHalfConvCplt
 .text.ADC_DMAError
                0x0000000008003798       0x34 ./Drivers/STM32F1xx_HAL_Driver/Src/stm32f1xx_hal_adc.o
                0x0000000008003798                ADC_DMAError
 .text.HAL_ADCEx_InjectedConvCpltCallback
                0x00000000080037cc       0x12 ./Drivers/STM32F1xx_HAL_Driver/Src/stm32f1xx_hal_adc_ex.o
                0x00000000080037cc                HAL_ADCEx_InjectedConvCpltCallback
 *fill*         0x00000000080037de        0x2 
 .text.__NVIC_SetPriorityGrouping
                0x00000000080037e0       0x48 ./Drivers/STM32F1xx_HAL_Driver/Src/stm32f1xx_hal_cortex.o
 .text.__NVIC_GetPriorityGrouping
                0x0000000008003828       0x1c ./Drivers/STM32F1xx_HAL_Driver/Src/stm32f1xx_hal_cortex.o
 .text.__NVIC_EnableIRQ
                0x0000000008003844       0x38 ./Drivers/STM32F1xx_HAL_Driver/Src/stm32f1xx_hal_cortex.o
 .text.__NVIC_SetPriority
                0x000000000800387c       0x54 ./Drivers/STM32F1xx_HAL_Driver/Src/stm32f1xx_hal_cortex.o
 .text.NVIC_EncodePriority
                0x00000000080038d0       0x64 ./Drivers/STM32F1xx_HAL_Driver/Src/stm32f1xx_hal_cortex.o
 .text.SysTick_Config
                0x0000000008003934       0x44 ./Drivers/STM32F1xx_HAL_Driver/Src/stm32f1xx_hal_cortex.o
 .text.HAL_NVIC_SetPriorityGrouping
                0x0000000008003978       0x16 ./Drivers/STM32F1xx_HAL_Driver/Src/stm32f1xx_hal_cortex.o
                0x0000000008003978                HAL_NVIC_SetPriorityGrouping
 .text.HAL_NVIC_SetPriority
                0x000000000800398e       0x38 ./Drivers/STM32F1xx_HAL_Driver/Src/stm32f1xx_hal_cortex.o
                0x000000000800398e                HAL_NVIC_SetPriority
 .text.HAL_NVIC_EnableIRQ
                0x00000000080039c6       0x1c ./Drivers/STM32F1xx_HAL_Driver/Src/stm32f1xx_hal_cortex.o
                0x00000000080039c6                HAL_NVIC_EnableIRQ
 .text.HAL_SYSTICK_Config
                0x00000000080039e2       0x18 ./Drivers/STM32F1xx_HAL_Driver/Src/stm32f1xx_hal_cortex.o
                0x00000000080039e2                HAL_SYSTICK_Config
 *fill*         0x00000000080039fa        0x2 
 .text.HAL_DMA_Init
                0x00000000080039fc       0xb4 ./Drivers/STM32F1xx_HAL_Driver/Src/stm32f1xx_hal_dma.o
                0x00000000080039fc                HAL_DMA_Init
 .text.HAL_DMA_Start_IT
                0x0000000008003ab0       0xbe ./Drivers/STM32F1xx_HAL_Driver/Src/stm32f1xx_hal_dma.o
                0x0000000008003ab0                HAL_DMA_Start_IT
 .text.HAL_DMA_Abort
                0x0000000008003b6e       0x74 ./Drivers/STM32F1xx_HAL_Driver/Src/stm32f1xx_hal_dma.o
                0x0000000008003b6e                HAL_DMA_Abort
 *fill*         0x0000000008003be2        0x2 
 .text.HAL_DMA_Abort_IT
                0x0000000008003be4       0xec ./Drivers/STM32F1xx_HAL_Driver/Src/stm32f1xx_hal_dma.o
                0x0000000008003be4                HAL_DMA_Abort_IT
 .text.HAL_DMA_IRQHandler
                0x0000000008003cd0      0x20c ./Drivers/STM32F1xx_HAL_Driver/Src/stm32f1xx_hal_dma.o
                0x0000000008003cd0                HAL_DMA_IRQHandler
 .text.DMA_SetConfig
                0x0000000008003edc       0x5a ./Drivers/STM32F1xx_HAL_Driver/Src/stm32f1xx_hal_dma.o
 *fill*         0x0000000008003f36        0x2 
 .text.HAL_GPIO_Init
                0x0000000008003f38      0x308 ./Drivers/STM32F1xx_HAL_Driver/Src/stm32f1xx_hal_gpio.o
                0x0000000008003f38                HAL_GPIO_Init
 .text.HAL_GPIO_WritePin
                0x0000000008004240       0x30 ./Drivers/STM32F1xx_HAL_Driver/Src/stm32f1xx_hal_gpio.o
                0x0000000008004240                HAL_GPIO_WritePin
 .text.HAL_GPIO_EXTI_IRQHandler
                0x0000000008004270       0x30 ./Drivers/STM32F1xx_HAL_Driver/Src/stm32f1xx_hal_gpio.o
                0x0000000008004270                HAL_GPIO_EXTI_IRQHandler
 .text.HAL_PWR_EnterSLEEPMode
                0x00000000080042a0       0x38 ./Drivers/STM32F1xx_HAL_Driver/Src/stm32f1xx_hal_pwr.o
                0x00000000080042a0                HAL_PWR_EnterSLEEPMode
 .text.HAL_RCC_OscConfig
                0x00000000080042d8      0x504 ./Drivers/STM32F1xx_HAL_Driver/Src/stm32f1xx_hal_rcc.o
                0x00000000080042d8                HAL_RCC_OscConfig
 .text.HAL_RCC_ClockConfig
                0x00000000080047dc      0x1d4 ./Drivers/STM32F1xx_HAL_Driver/Src/stm32f1xx_hal_rcc.o
                0x00000000080047dc                HAL_RCC_ClockConfig
 .text.HAL_RCC_GetSysClockFreq
                0x00000000080049b0       0xbc ./Drivers/STM32F1xx_HAL_Driver/Src/stm32f1xx_hal_rcc.o
                0x00000000080049b0                HAL_RCC_GetSysClockFreq
 .text.HAL_RCC_GetHCLKFreq
                0x0000000008004a6c       0x14 ./Drivers/STM32F1xx_HAL_Driver/Src/stm32f1xx_hal_rcc.o
                0x0000000008004a6c                HAL_RCC_GetHCLKFreq
 .text.HAL_RCC_GetPCLK1Freq
                0x0000000008004a80       0x28 ./Drivers/STM32F1xx_HAL_Driver/Src/stm32f1xx_hal_rcc.o
                0x0000000008004a80                HAL_RCC_GetPCLK1Freq
 .text.HAL_RCC_GetPCLK2Freq
                0x0000000008004aa8       0x28 ./Drivers/STM32F1xx_HAL_Driver/Src/stm32f1xx_hal_rcc.o
                0x0000000008004aa8                HAL_RCC_GetPCLK2Freq
 .text.RCC_Delay
                0x0000000008004ad0       0x3c ./Drivers/STM32F1xx_HAL_Driver/Src/stm32f1xx_hal_rcc.o
 .text.HAL_RCCEx_PeriphCLKConfig
                0x0000000008004b0c      0x16c ./Drivers/STM32F1xx_HAL_Driver/Src/stm32f1xx_hal_rcc_ex.o
                0x0000000008004b0c                HAL_RCCEx_PeriphCLKConfig
 .text.HAL_TIM_Base_Init
                0x0000000008004c78       0x56 ./Drivers/STM32F1xx_HAL_Driver/Src/stm32f1xx_hal_tim.o
                0x0000000008004c78                HAL_TIM_Base_Init
 .text.HAL_TIM_Base_Start_IT
                0x0000000008004cce       0x46 ./Drivers/STM32F1xx_HAL_Driver/Src/stm32f1xx_hal_tim.o
                0x0000000008004cce                HAL_TIM_Base_Start_IT
 .text.HAL_TIM_OC_Init
                0x0000000008004d14       0x56 ./Drivers/STM32F1xx_HAL_Driver/Src/stm32f1xx_hal_tim.o
                0x0000000008004d14                HAL_TIM_OC_Init
 .text.HAL_TIM_OC_MspInit
                0x0000000008004d6a       0x12 ./Drivers/STM32F1xx_HAL_Driver/Src/stm32f1xx_hal_tim.o
                0x0000000008004d6a                HAL_TIM_OC_MspInit
 .text.HAL_TIM_PWM_Init
                0x0000000008004d7c       0x56 ./Drivers/STM32F1xx_HAL_Driver/Src/stm32f1xx_hal_tim.o
                0x0000000008004d7c                HAL_TIM_PWM_Init
 *fill*         0x0000000008004dd2        0x2 
 .text.HAL_TIM_PWM_Start
                0x0000000008004dd4       0x64 ./Drivers/STM32F1xx_HAL_Driver/Src/stm32f1xx_hal_tim.o
                0x0000000008004dd4                HAL_TIM_PWM_Start
 .text.HAL_TIM_PWM_Stop
                0x0000000008004e38       0x98 ./Drivers/STM32F1xx_HAL_Driver/Src/stm32f1xx_hal_tim.o
                0x0000000008004e38                HAL_TIM_PWM_Stop
 .text.HAL_TIM_IC_Init
                0x0000000008004ed0       0x56 ./Drivers/STM32F1xx_HAL_Driver/Src/stm32f1xx_hal_tim.o
                0x0000000008004ed0                HAL_TIM_IC_Init
 .text.HAL_TIM_IC_MspInit
                0x0000000008004f26       0x12 ./Drivers/STM32F1xx_HAL_Driver/Src/stm32f1xx_hal_tim.o
                0x0000000008004f26                HAL_TIM_IC_MspInit
 .text.HAL_TIM_IC_Start_IT
                0x0000000008004f38       0xd0 ./Drivers/STM32F1xx_HAL_Driver/Src/stm32f1xx_hal_tim.o
                0x0000000008004f38                HAL_TIM_IC_Start_IT
 .text.HAL_TIM_Encoder_Init
                0x0000000008005008      0x11c ./Drivers/STM32F1xx_HAL_Driver/Src/stm32f1xx_hal_tim.o
                0x0000000008005008                HAL_TIM_Encoder_Init
 .text.HAL_TIM_Encoder_Start
                0x0000000008005124       0x70 ./Drivers/STM32F1xx_HAL_Driver/Src/stm32f1xx_hal_tim.o
                0x0000000008005124                HAL_TIM_Encoder_Start
 .text.HAL_TIM_IRQHandler
                0x0000000008005194      0x210 ./Drivers/STM32F1xx_HAL_Driver/Src/stm32f1xx_hal_tim.o
                0x0000000008005194                HAL_TIM_IRQHandler
 .text.HAL_TIM_OC_ConfigChannel
                0x00000000080053a4       0xc0 ./Drivers/STM32F1xx_HAL_Driver/Src/stm32f1xx_hal_tim.o
                0x00000000080053a4                HAL_TIM_OC_ConfigChannel
 .text.HAL_TIM_IC_ConfigChannel
                0x0000000008005464      0x138 ./Drivers/STM32F1xx_HAL_Driver/Src/stm32f1xx_hal_tim.o
                0x0000000008005464                HAL_TIM_IC_ConfigChannel
 .text.HAL_TIM_PWM_ConfigChannel
                0x000000000800559c      0x18c ./Drivers/STM32F1xx_HAL_Driver/Src/stm32f1xx_hal_tim.o
                0x000000000800559c                HAL_TIM_PWM_ConfigChannel
 .text.HAL_TIM_ConfigClockSource
                0x0000000008005728      0x188 ./Drivers/STM32F1xx_HAL_Driver/Src/stm32f1xx_hal_tim.o
                0x0000000008005728                HAL_TIM_ConfigClockSource
 .text.HAL_TIM_SlaveConfigSynchro
                0x00000000080058b0       0x84 ./Drivers/STM32F1xx_HAL_Driver/Src/stm32f1xx_hal_tim.o
                0x00000000080058b0                HAL_TIM_SlaveConfigSynchro
 .text.HAL_TIM_ReadCapturedValue
                0x0000000008005934       0x88 ./Drivers/STM32F1xx_HAL_Driver/Src/stm32f1xx_hal_tim.o
                0x0000000008005934                HAL_TIM_ReadCapturedValue
 .text.HAL_TIM_OC_DelayElapsedCallback
                0x00000000080059bc       0x12 ./Drivers/STM32F1xx_HAL_Driver/Src/stm32f1xx_hal_tim.o
                0x00000000080059bc                HAL_TIM_OC_DelayElapsedCallback
 .text.HAL_TIM_PWM_PulseFinishedCallback
                0x00000000080059ce       0x12 ./Drivers/STM32F1xx_HAL_Driver/Src/stm32f1xx_hal_tim.o
                0x00000000080059ce                HAL_TIM_PWM_PulseFinishedCallback
 .text.HAL_TIM_TriggerCallback
                0x00000000080059e0       0x12 ./Drivers/STM32F1xx_HAL_Driver/Src/stm32f1xx_hal_tim.o
                0x00000000080059e0                HAL_TIM_TriggerCallback
 *fill*         0x00000000080059f2        0x2 
 .text.TIM_Base_SetConfig
                0x00000000080059f4       0xc4 ./Drivers/STM32F1xx_HAL_Driver/Src/stm32f1xx_hal_tim.o
                0x00000000080059f4                TIM_Base_SetConfig
 .text.TIM_OC1_SetConfig
                0x0000000008005ab8       0xcc ./Drivers/STM32F1xx_HAL_Driver/Src/stm32f1xx_hal_tim.o
 .text.TIM_OC2_SetConfig
                0x0000000008005b84       0xd4 ./Drivers/STM32F1xx_HAL_Driver/Src/stm32f1xx_hal_tim.o
                0x0000000008005b84                TIM_OC2_SetConfig
 .text.TIM_OC3_SetConfig
                0x0000000008005c58       0xd4 ./Drivers/STM32F1xx_HAL_Driver/Src/stm32f1xx_hal_tim.o
 .text.TIM_OC4_SetConfig
                0x0000000008005d2c       0x9c ./Drivers/STM32F1xx_HAL_Driver/Src/stm32f1xx_hal_tim.o
 .text.TIM_SlaveTimer_SetConfig
                0x0000000008005dc8      0x11c ./Drivers/STM32F1xx_HAL_Driver/Src/stm32f1xx_hal_tim.o
 .text.TIM_TI1_SetConfig
                0x0000000008005ee4       0xb4 ./Drivers/STM32F1xx_HAL_Driver/Src/stm32f1xx_hal_tim.o
                0x0000000008005ee4                TIM_TI1_SetConfig
 .text.TIM_TI1_ConfigInputStage
                0x0000000008005f98       0x5c ./Drivers/STM32F1xx_HAL_Driver/Src/stm32f1xx_hal_tim.o
 .text.TIM_TI2_SetConfig
                0x0000000008005ff4       0x78 ./Drivers/STM32F1xx_HAL_Driver/Src/stm32f1xx_hal_tim.o
 .text.TIM_TI2_ConfigInputStage
                0x000000000800606c       0x5e ./Drivers/STM32F1xx_HAL_Driver/Src/stm32f1xx_hal_tim.o
 .text.TIM_TI3_SetConfig
                0x00000000080060ca       0x76 ./Drivers/STM32F1xx_HAL_Driver/Src/stm32f1xx_hal_tim.o
 .text.TIM_TI4_SetConfig
                0x0000000008006140       0x78 ./Drivers/STM32F1xx_HAL_Driver/Src/stm32f1xx_hal_tim.o
 .text.TIM_ITRx_SetConfig
                0x00000000080061b8       0x34 ./Drivers/STM32F1xx_HAL_Driver/Src/stm32f1xx_hal_tim.o
 .text.TIM_ETR_SetConfig
                0x00000000080061ec       0x3e ./Drivers/STM32F1xx_HAL_Driver/Src/stm32f1xx_hal_tim.o
                0x00000000080061ec                TIM_ETR_SetConfig
 .text.TIM_CCxChannelCmd
                0x000000000800622a       0x48 ./Drivers/STM32F1xx_HAL_Driver/Src/stm32f1xx_hal_tim.o
                0x000000000800622a                TIM_CCxChannelCmd
 .text.HAL_TIMEx_MasterConfigSynchronization
                0x0000000008006272       0x88 ./Drivers/STM32F1xx_HAL_Driver/Src/stm32f1xx_hal_tim_ex.o
                0x0000000008006272                HAL_TIMEx_MasterConfigSynchronization
 .text.HAL_TIMEx_ConfigBreakDeadTime
                0x00000000080062fa       0xa2 ./Drivers/STM32F1xx_HAL_Driver/Src/stm32f1xx_hal_tim_ex.o
                0x00000000080062fa                HAL_TIMEx_ConfigBreakDeadTime
 .text.HAL_TIMEx_CommutCallback
                0x000000000800639c       0x12 ./Drivers/STM32F1xx_HAL_Driver/Src/stm32f1xx_hal_tim_ex.o
                0x000000000800639c                HAL_TIMEx_CommutCallback
 .text.HAL_TIMEx_BreakCallback
                0x00000000080063ae       0x12 ./Drivers/STM32F1xx_HAL_Driver/Src/stm32f1xx_hal_tim_ex.o
                0x00000000080063ae                HAL_TIMEx_BreakCallback
 .text.HAL_UART_Init
                0x00000000080063c0       0x9a ./Drivers/STM32F1xx_HAL_Driver/Src/stm32f1xx_hal_uart.o
                0x00000000080063c0                HAL_UART_Init
 .text.HAL_UART_Receive_IT
                0x000000000800645a       0xa8 ./Drivers/STM32F1xx_HAL_Driver/Src/stm32f1xx_hal_uart.o
                0x000000000800645a                HAL_UART_Receive_IT
 *fill*         0x0000000008006502        0x2 
 .text.HAL_UART_IRQHandler
                0x0000000008006504      0x1f4 ./Drivers/STM32F1xx_HAL_Driver/Src/stm32f1xx_hal_uart.o
                0x0000000008006504                HAL_UART_IRQHandler
 .text.HAL_UART_TxCpltCallback
                0x00000000080066f8       0x12 ./Drivers/STM32F1xx_HAL_Driver/Src/stm32f1xx_hal_uart.o
                0x00000000080066f8                HAL_UART_TxCpltCallback
 .text.HAL_UART_ErrorCallback
                0x000000000800670a       0x12 ./Drivers/STM32F1xx_HAL_Driver/Src/stm32f1xx_hal_uart.o
                0x000000000800670a                HAL_UART_ErrorCallback
 .text.UART_EndRxTransfer
                0x000000000800671c       0x3a ./Drivers/STM32F1xx_HAL_Driver/Src/stm32f1xx_hal_uart.o
 .text.UART_DMAAbortOnError
                0x0000000008006756       0x28 ./Drivers/STM32F1xx_HAL_Driver/Src/stm32f1xx_hal_uart.o
 .text.UART_Transmit_IT
                0x000000000800677e       0xaa ./Drivers/STM32F1xx_HAL_Driver/Src/stm32f1xx_hal_uart.o
 .text.UART_EndTransmit_IT
                0x0000000008006828       0x30 ./Drivers/STM32F1xx_HAL_Driver/Src/stm32f1xx_hal_uart.o
 .text.UART_Receive_IT
                0x0000000008006858      0x102 ./Drivers/STM32F1xx_HAL_Driver/Src/stm32f1xx_hal_uart.o
 *fill*         0x000000000800695a        0x2 
 .text.UART_SetConfig
                0x000000000800695c      0x1b4 ./Drivers/STM32F1xx_HAL_Driver/Src/stm32f1xx_hal_uart.o
 .text.memset   0x0000000008006b10       0x10 /opt/st/stm32cubeide_1.14.0/plugins/com.st.stm32cube.ide.mcu.externaltools.gnu-tools-for-stm32.11.3.rel1.linux64_1.1.100.202309141235/tools/bin/../lib/gcc/arm-none-eabi/11.3.1/../../../../arm-none-eabi/lib/thumb/v7-m/nofp/libc_nano.a(libc_a-memset.o)
                0x0000000008006b10                memset
 .text.__libc_init_array
                0x0000000008006b20       0x48 /opt/st/stm32cubeide_1.14.0/plugins/com.st.stm32cube.ide.mcu.externaltools.gnu-tools-for-stm32.11.3.rel1.linux64_1.1.100.202309141235/tools/bin/../lib/gcc/arm-none-eabi/11.3.1/../../../../arm-none-eabi/lib/thumb/v7-m/nofp/libc_nano.a(libc_a-init.o)
                0x0000000008006b20                __libc_init_array
 *(.glue_7)
 .glue_7        0x0000000008006b68        0x0 linker stubs
 *(.glue_7t)
 .glue_7t       0x0000000008006b68        0x0 linker stubs
 *(.eh_frame)
 .eh_frame      0x0000000008006b68        0x0 /opt/st/stm32cubeide_1.14.0/plugins/com.st.stm32cube.ide.mcu.externaltools.gnu-tools-for-stm32.11.3.rel1.linux64_1.1.100.202309141235/tools/bin/../lib/gcc/arm-none-eabi/11.3.1/thumb/v7-m/nofp/crtbegin.o
 *(.init)
 .init          0x0000000008006b68        0x4 /opt/st/stm32cubeide_1.14.0/plugins/com.st.stm32cube.ide.mcu.externaltools.gnu-tools-for-stm32.11.3.rel1.linux64_1.1.100.202309141235/tools/bin/../lib/gcc/arm-none-eabi/11.3.1/thumb/v7-m/nofp/crti.o
                0x0000000008006b68                _init
 .init          0x0000000008006b6c        0x8 /opt/st/stm32cubeide_1.14.0/plugins/com.st.stm32cube.ide.mcu.externaltools.gnu-tools-for-stm32.11.3.rel1.linux64_1.1.100.202309141235/tools/bin/../lib/gcc/arm-none-eabi/11.3.1/thumb/v7-m/nofp/crtn.o
 *(.fini)
 .fini          0x0000000008006b74        0x4 /opt/st/stm32cubeide_1.14.0/plugins/com.st.stm32cube.ide.mcu.externaltools.gnu-tools-for-stm32.11.3.rel1.linux64_1.1.100.202309141235/tools/bin/../lib/gcc/arm-none-eabi/11.3.1/thumb/v7-m/nofp/crti.o
                0x0000000008006b74                _fini
 .fini          0x0000000008006b78        0x8 /opt/st/stm32cubeide_1.14.0/plugins/com.st.stm32cube.ide.mcu.externaltools.gnu-tools-for-stm32.11.3.rel1.linux64_1.1.100.202309141235/tools/bin/../lib/gcc/arm-none-eabi/11.3.1/thumb/v7-m/nofp/crtn.o
                0x0000000008006b80                . = ALIGN (0x4)
                0x0000000008006b80                _etext = .

.vfp11_veneer   0x0000000008006b80        0x0
 .vfp11_veneer  0x0000000008006b80        0x0 linker stubs

.v4_bx          0x0000000008006b80        0x0
 .v4_bx         0x0000000008006b80        0x0 linker stubs

.iplt           0x0000000008006b80        0x0
 .iplt          0x0000000008006b80        0x0 /opt/st/stm32cubeide_1.14.0/plugins/com.st.stm32cube.ide.mcu.externaltools.gnu-tools-for-stm32.11.3.rel1.linux64_1.1.100.202309141235/tools/bin/../lib/gcc/arm-none-eabi/11.3.1/thumb/v7-m/nofp/crtbegin.o

.rodata         0x0000000008006b80       0x28
                0x0000000008006b80                . = ALIGN (0x4)
 *(.rodata)
 .rodata        0x0000000008006b80       0x10 ./Drivers/STM32F1xx_HAL_Driver/Src/stm32f1xx_hal_rcc.o
 *(.rodata*)
 .rodata.AHBPrescTable
                0x0000000008006b90       0x10 ./Core/Src/system_stm32f1xx.o
                0x0000000008006b90                AHBPrescTable
 .rodata.APBPrescTable
                0x0000000008006ba0        0x8 ./Core/Src/system_stm32f1xx.o
                0x0000000008006ba0                APBPrescTable
                0x0000000008006ba8                . = ALIGN (0x4)

.rel.dyn        0x0000000008006ba8        0x0
 .rel.iplt      0x0000000008006ba8        0x0 /opt/st/stm32cubeide_1.14.0/plugins/com.st.stm32cube.ide.mcu.externaltools.gnu-tools-for-stm32.11.3.rel1.linux64_1.1.100.202309141235/tools/bin/../lib/gcc/arm-none-eabi/11.3.1/thumb/v7-m/nofp/crtbegin.o

.ARM.extab      0x0000000008006ba8        0x0
                0x0000000008006ba8                . = ALIGN (0x4)
 *(.ARM.extab* .gnu.linkonce.armextab.*)
                0x0000000008006ba8                . = ALIGN (0x4)

.ARM            0x0000000008006ba8        0x0
                0x0000000008006ba8                . = ALIGN (0x4)
                0x0000000008006ba8                __exidx_start = .
 *(.ARM.exidx*)
                0x0000000008006ba8                __exidx_end = .
                0x0000000008006ba8                . = ALIGN (0x4)

.preinit_array  0x0000000008006ba8        0x0
                0x0000000008006ba8                . = ALIGN (0x4)
                0x0000000008006ba8                PROVIDE (__preinit_array_start = .)
 *(.preinit_array*)
                0x0000000008006ba8                PROVIDE (__preinit_array_end = .)
                0x0000000008006ba8                . = ALIGN (0x4)

.init_array     0x0000000008006ba8        0x4
                0x0000000008006ba8                . = ALIGN (0x4)
                0x0000000008006ba8                PROVIDE (__init_array_start = .)
 *(SORT_BY_NAME(.init_array.*))
 *(.init_array*)
 .init_array    0x0000000008006ba8        0x4 /opt/st/stm32cubeide_1.14.0/plugins/com.st.stm32cube.ide.mcu.externaltools.gnu-tools-for-stm32.11.3.rel1.linux64_1.1.100.202309141235/tools/bin/../lib/gcc/arm-none-eabi/11.3.1/thumb/v7-m/nofp/crtbegin.o
                0x0000000008006bac                PROVIDE (__init_array_end = .)
                0x0000000008006bac                . = ALIGN (0x4)

.fini_array     0x0000000008006bac        0x4
                0x0000000008006bac                . = ALIGN (0x4)
                [!provide]                        PROVIDE (__fini_array_start = .)
 *(SORT_BY_NAME(.fini_array.*))
 *(.fini_array*)
 .fini_array    0x0000000008006bac        0x4 /opt/st/stm32cubeide_1.14.0/plugins/com.st.stm32cube.ide.mcu.externaltools.gnu-tools-for-stm32.11.3.rel1.linux64_1.1.100.202309141235/tools/bin/../lib/gcc/arm-none-eabi/11.3.1/thumb/v7-m/nofp/crtbegin.o
                [!provide]                        PROVIDE (__fini_array_end = .)
                0x0000000008006bb0                . = ALIGN (0x4)
                0x0000000008006bb0                _sidata = LOADADDR (.data)

.data           0x0000000020000000       0x10 load address 0x0000000008006bb0
                0x0000000020000000                . = ALIGN (0x4)
                0x0000000020000000                _sdata = .
 *(.data)
 *(.data*)
 .data.MovPark_State
                0x0000000020000000        0x1 ./Core/Src/main.o
                0x0000000020000000                MovPark_State
 .data.Mesure_State
                0x0000000020000001        0x1 ./Core/Src/main.o
                0x0000000020000001                Mesure_State
 .data.Mean     0x0000000020000002        0x1 ./Core/Src/main.o
                0x0000000020000002                Mean
 *fill*         0x0000000020000003        0x1 
 .data.SystemCoreClock
                0x0000000020000004        0x4 ./Core/Src/system_stm32f1xx.o
                0x0000000020000004                SystemCoreClock
 .data.uwTickPrio
                0x0000000020000008        0x4 ./Drivers/STM32F1xx_HAL_Driver/Src/stm32f1xx_hal.o
                0x0000000020000008                uwTickPrio
 .data.uwTickFreq
                0x000000002000000c        0x1 ./Drivers/STM32F1xx_HAL_Driver/Src/stm32f1xx_hal.o
                0x000000002000000c                uwTickFreq
                0x0000000020000010                . = ALIGN (0x4)
 *fill*         0x000000002000000d        0x3 
                0x0000000020000010                _edata = .

.igot.plt       0x0000000020000010        0x0 load address 0x0000000008006bc0
 .igot.plt      0x0000000020000010        0x0 /opt/st/stm32cubeide_1.14.0/plugins/com.st.stm32cube.ide.mcu.externaltools.gnu-tools-for-stm32.11.3.rel1.linux64_1.1.100.202309141235/tools/bin/../lib/gcc/arm-none-eabi/11.3.1/thumb/v7-m/nofp/crtbegin.o
                0x0000000020000010                . = ALIGN (0x4)

.bss            0x0000000020000010      0x2d4 load address 0x0000000008006bc0
                0x0000000020000010                _sbss = .
                0x0000000020000010                __bss_start__ = _sbss
 *(.bss)
 .bss           0x0000000020000010       0x1c /opt/st/stm32cubeide_1.14.0/plugins/com.st.stm32cube.ide.mcu.externaltools.gnu-tools-for-stm32.11.3.rel1.linux64_1.1.100.202309141235/tools/bin/../lib/gcc/arm-none-eabi/11.3.1/thumb/v7-m/nofp/crtbegin.o
 *(.bss*)
 .bss.hadc1     0x000000002000002c       0x30 ./Core/Src/adc.o
                0x000000002000002c                hadc1
 .bss.hdma_adc1
                0x000000002000005c       0x44 ./Core/Src/adc.o
                0x000000002000005c                hdma_adc1
 .bss.Distance_State
                0x00000000200000a0        0x1 ./Core/Src/main.o
                0x00000000200000a0                Distance_State
 .bss.CMDE      0x00000000200000a1        0x1 ./Core/Src/main.o
                0x00000000200000a1                CMDE
 .bss.Mode      0x00000000200000a2        0x1 ./Core/Src/main.o
                0x00000000200000a2                Mode
 .bss.New_CMDE  0x00000000200000a3        0x1 ./Core/Src/main.o
                0x00000000200000a3                New_CMDE
 .bss.Dist_ACS_1
                0x00000000200000a4        0x2 ./Core/Src/main.o
                0x00000000200000a4                Dist_ACS_1
 .bss.Dist_ACS_2
                0x00000000200000a6        0x2 ./Core/Src/main.o
                0x00000000200000a6                Dist_ACS_2
 .bss.Dist_ACS_3
                0x00000000200000a8        0x2 ./Core/Src/main.o
                0x00000000200000a8                Dist_ACS_3
 .bss.Dist_ACS_4
                0x00000000200000aa        0x2 ./Core/Src/main.o
                0x00000000200000aa                Dist_ACS_4
 .bss.Time      0x00000000200000ac        0x4 ./Core/Src/main.o
                0x00000000200000ac                Time
 .bss.Tech      0x00000000200000b0        0x4 ./Core/Src/main.o
                0x00000000200000b0                Tech
 .bss.adc_buffer
                0x00000000200000b4       0x14 ./Core/Src/main.o
                0x00000000200000b4                adc_buffer
 .bss.BLUE_RX   0x00000000200000c8        0x1 ./Core/Src/main.o
                0x00000000200000c8                BLUE_RX
 *fill*         0x00000000200000c9        0x1 
 .bss._DirG     0x00000000200000ca        0x2 ./Core/Src/main.o
                0x00000000200000ca                _DirG
 .bss._DirD     0x00000000200000cc        0x2 ./Core/Src/main.o
                0x00000000200000cc                _DirD
 .bss.CVitG     0x00000000200000ce        0x2 ./Core/Src/main.o
                0x00000000200000ce                CVitG
 .bss.CVitD     0x00000000200000d0        0x2 ./Core/Src/main.o
                0x00000000200000d0                CVitD
 .bss.DirD      0x00000000200000d2        0x2 ./Core/Src/main.o
                0x00000000200000d2                DirD
 .bss.DirG      0x00000000200000d4        0x2 ./Core/Src/main.o
                0x00000000200000d4                DirG
 .bss._CVitD    0x00000000200000d6        0x2 ./Core/Src/main.o
                0x00000000200000d6                _CVitD
 .bss._CVitG    0x00000000200000d8        0x2 ./Core/Src/main.o
                0x00000000200000d8                _CVitG
 .bss.VitD      0x00000000200000da        0x2 ./Core/Src/main.o
                0x00000000200000da                VitD
 .bss.VitG      0x00000000200000dc        0x2 ./Core/Src/main.o
                0x00000000200000dc                VitG
 .bss.DistD     0x00000000200000de        0x2 ./Core/Src/main.o
                0x00000000200000de                DistD
 .bss.DistG     0x00000000200000e0        0x2 ./Core/Src/main.o
                0x00000000200000e0                DistG
 .bss.DistD_old
                0x00000000200000e2        0x2 ./Core/Src/main.o
                0x00000000200000e2                DistD_old
 .bss.DistG_old
                0x00000000200000e4        0x2 ./Core/Src/main.o
                0x00000000200000e4                DistG_old
 *fill*         0x00000000200000e6        0x2 
 .bss.Cmde_VitD
                0x00000000200000e8        0x4 ./Core/Src/main.o
                0x00000000200000e8                Cmde_VitD
 .bss.Cmde_VitG
                0x00000000200000ec        0x4 ./Core/Src/main.o
                0x00000000200000ec                Cmde_VitG
 .bss.Dist_parcours
                0x00000000200000f0        0x4 ./Core/Src/main.o
                0x00000000200000f0                Dist_parcours
 .bss.Dist_Obst
                0x00000000200000f4        0x4 ./Core/Src/main.o
                0x00000000200000f4                Dist_Obst
 .bss.Dist_Obst_
                0x00000000200000f8        0x4 ./Core/Src/main.o
                0x00000000200000f8                Dist_Obst_
 .bss.Dist_Obst_cm
                0x00000000200000fc        0x4 ./Core/Src/main.o
                0x00000000200000fc                Dist_Obst_cm
 .bss.vbatt     0x0000000020000100        0x4 ./Core/Src/main.o
                0x0000000020000100                vbatt
 .bss.z0        0x0000000020000104        0x4 ./Core/Src/main.o
 .bss.x0        0x0000000020000108        0x4 ./Core/Src/main.o
 .bss.y0        0x000000002000010c        0x4 ./Core/Src/main.o
 .bss.z         0x0000000020000110        0x4 ./Core/Src/main.o
 .bss.x         0x0000000020000114        0x4 ./Core/Src/main.o
 .bss.y         0x0000000020000118        0x4 ./Core/Src/main.o
 .bss.TurnServoCounter
                0x000000002000011c        0x2 ./Core/Src/main.o
                0x000000002000011c                TurnServoCounter
 .bss.TurnCounter
                0x000000002000011e        0x2 ./Core/Src/main.o
                0x000000002000011e                TurnCounter
 .bss.tour_dist
                0x0000000020000120        0x2 ./Core/Src/main.o
                0x0000000020000120                tour_dist
 .bss.tab_elem  0x0000000020000122        0x1 ./Core/Src/main.o
 .bss.Mesure_On
                0x0000000020000123        0x1 ./Core/Src/main.o
                0x0000000020000123                Mesure_On
 .bss.Mesure_Park_On
                0x0000000020000124        0x1 ./Core/Src/main.o
                0x0000000020000124                Mesure_Park_On
 .bss.MovPark_On
                0x0000000020000125        0x1 ./Core/Src/main.o
                0x0000000020000125                MovPark_On
 .bss.TurnRightOn
                0x0000000020000126        0x1 ./Core/Src/main.o
                0x0000000020000126                TurnRightOn
 .bss.TurnLeftOn
                0x0000000020000127        0x1 ./Core/Src/main.o
                0x0000000020000127                TurnLeftOn
 .bss.Dist_Obst_cm_moy
                0x0000000020000128        0x4 ./Core/Src/main.o
                0x0000000020000128                Dist_Obst_cm_moy
 .bss.Dist_cm   0x000000002000012c       0x14 ./Core/Src/main.o
                0x000000002000012c                Dist_cm
 .bss.Etat.16   0x0000000020000140        0x1 ./Core/Src/main.o
 .bss.Etat.15   0x0000000020000141        0x1 ./Core/Src/main.o
 .bss.Delta1.14
                0x0000000020000142        0x2 ./Core/Src/main.o
 .bss.Delta2.13
                0x0000000020000144        0x2 ./Core/Src/main.o
 .bss.Delta3.12
                0x0000000020000146        0x2 ./Core/Src/main.o
 .bss.Delta4.11
                0x0000000020000148        0x2 ./Core/Src/main.o
 .bss.Etat.10   0x000000002000014a        0x1 ./Core/Src/main.o
 *fill*         0x000000002000014b        0x1 
 .bss.ErreurD.9
                0x000000002000014c        0x2 ./Core/Src/main.o
 .bss.ErreurG.8
                0x000000002000014e        0x2 ./Core/Src/main.o
 .bss.S_erreursD.7
                0x0000000020000150        0x2 ./Core/Src/main.o
 .bss.S_erreursG.6
                0x0000000020000152        0x2 ./Core/Src/main.o
 .bss.ErreurD_old.5
                0x0000000020000154        0x2 ./Core/Src/main.o
 .bss.V_erreurD.4
                0x0000000020000156        0x2 ./Core/Src/main.o
 .bss.ErreurG_old.3
                0x0000000020000158        0x2 ./Core/Src/main.o
 .bss.V_erreurG.2
                0x000000002000015a        0x2 ./Core/Src/main.o
 .bss.cpt.1     0x000000002000015c        0x1 ./Core/Src/main.o
 .bss.TOGGLE.0  0x000000002000015d        0x1 ./Core/Src/main.o
 *fill*         0x000000002000015e        0x2 
 .bss.htim1     0x0000000020000160       0x40 ./Core/Src/tim.o
                0x0000000020000160                htim1
 .bss.htim2     0x00000000200001a0       0x40 ./Core/Src/tim.o
                0x00000000200001a0                htim2
 .bss.htim3     0x00000000200001e0       0x40 ./Core/Src/tim.o
                0x00000000200001e0                htim3
 .bss.htim4     0x0000000020000220       0x40 ./Core/Src/tim.o
                0x0000000020000220                htim4
 .bss.huart1    0x0000000020000260       0x40 ./Core/Src/usart.o
                0x0000000020000260                huart1
 .bss.huart3    0x00000000200002a0       0x40 ./Core/Src/usart.o
                0x00000000200002a0                huart3
 .bss.uwTick    0x00000000200002e0        0x4 ./Drivers/STM32F1xx_HAL_Driver/Src/stm32f1xx_hal.o
                0x00000000200002e0                uwTick
 *(COMMON)
                0x00000000200002e4                . = ALIGN (0x4)
                0x00000000200002e4                _ebss = .
                0x00000000200002e4                __bss_end__ = _ebss

._user_heap_stack
                0x00000000200002e4      0x604 load address 0x0000000008006bc0
                0x00000000200002e8                . = ALIGN (0x8)
 *fill*         0x00000000200002e4        0x4 
                [!provide]                        PROVIDE (end = .)
                0x00000000200002e8                PROVIDE (_end = .)
                0x00000000200004e8                . = (. + _Min_Heap_Size)
 *fill*         0x00000000200002e8      0x200 
                0x00000000200008e8                . = (. + _Min_Stack_Size)
 *fill*         0x00000000200004e8      0x400 
                0x00000000200008e8                . = ALIGN (0x8)

/DISCARD/
 libc.a(*)
 libm.a(*)
 libgcc.a(*)

.ARM.attributes
                0x0000000000000000       0x29
 *(.ARM.attributes)
 .ARM.attributes
                0x0000000000000000       0x1d /opt/st/stm32cubeide_1.14.0/plugins/com.st.stm32cube.ide.mcu.externaltools.gnu-tools-for-stm32.11.3.rel1.linux64_1.1.100.202309141235/tools/bin/../lib/gcc/arm-none-eabi/11.3.1/thumb/v7-m/nofp/crti.o
 .ARM.attributes
                0x000000000000001d       0x2d /opt/st/stm32cubeide_1.14.0/plugins/com.st.stm32cube.ide.mcu.externaltools.gnu-tools-for-stm32.11.3.rel1.linux64_1.1.100.202309141235/tools/bin/../lib/gcc/arm-none-eabi/11.3.1/thumb/v7-m/nofp/crtbegin.o
 .ARM.attributes
                0x000000000000004a       0x2d ./Core/Src/adc.o
 .ARM.attributes
                0x0000000000000077       0x2d ./Core/Src/dma.o
 .ARM.attributes
                0x00000000000000a4       0x2d ./Core/Src/gpio.o
 .ARM.attributes
                0x00000000000000d1       0x2d ./Core/Src/main.o
 .ARM.attributes
                0x00000000000000fe       0x2d ./Core/Src/stm32f1xx_hal_msp.o
 .ARM.attributes
                0x000000000000012b       0x2d ./Core/Src/stm32f1xx_it.o
 .ARM.attributes
                0x0000000000000158       0x2d ./Core/Src/system_stm32f1xx.o
 .ARM.attributes
                0x0000000000000185       0x2d ./Core/Src/tim.o
 .ARM.attributes
                0x00000000000001b2       0x2d ./Core/Src/usart.o
 .ARM.attributes
                0x00000000000001df       0x21 ./Core/Startup/startup_stm32f103rbtx.o
 .ARM.attributes
                0x0000000000000200       0x2d ./Drivers/STM32F1xx_HAL_Driver/Src/stm32f1xx_hal.o
 .ARM.attributes
                0x000000000000022d       0x2d ./Drivers/STM32F1xx_HAL_Driver/Src/stm32f1xx_hal_adc.o
 .ARM.attributes
                0x000000000000025a       0x2d ./Drivers/STM32F1xx_HAL_Driver/Src/stm32f1xx_hal_adc_ex.o
 .ARM.attributes
                0x0000000000000287       0x2d ./Drivers/STM32F1xx_HAL_Driver/Src/stm32f1xx_hal_cortex.o
 .ARM.attributes
                0x00000000000002b4       0x2d ./Drivers/STM32F1xx_HAL_Driver/Src/stm32f1xx_hal_dma.o
 .ARM.attributes
                0x00000000000002e1       0x2d ./Drivers/STM32F1xx_HAL_Driver/Src/stm32f1xx_hal_gpio.o
 .ARM.attributes
                0x000000000000030e       0x2d ./Drivers/STM32F1xx_HAL_Driver/Src/stm32f1xx_hal_pwr.o
 .ARM.attributes
                0x000000000000033b       0x2d ./Drivers/STM32F1xx_HAL_Driver/Src/stm32f1xx_hal_rcc.o
 .ARM.attributes
                0x0000000000000368       0x2d ./Drivers/STM32F1xx_HAL_Driver/Src/stm32f1xx_hal_rcc_ex.o
 .ARM.attributes
                0x0000000000000395       0x2d ./Drivers/STM32F1xx_HAL_Driver/Src/stm32f1xx_hal_tim.o
 .ARM.attributes
                0x00000000000003c2       0x2d ./Drivers/STM32F1xx_HAL_Driver/Src/stm32f1xx_hal_tim_ex.o
 .ARM.attributes
                0x00000000000003ef       0x2d ./Drivers/STM32F1xx_HAL_Driver/Src/stm32f1xx_hal_uart.o
 .ARM.attributes
                0x000000000000041c       0x2d /opt/st/stm32cubeide_1.14.0/plugins/com.st.stm32cube.ide.mcu.externaltools.gnu-tools-for-stm32.11.3.rel1.linux64_1.1.100.202309141235/tools/bin/../lib/gcc/arm-none-eabi/11.3.1/../../../../arm-none-eabi/lib/thumb/v7-m/nofp/libc_nano.a(libc_a-memset.o)
 .ARM.attributes
                0x0000000000000449       0x2d /opt/st/stm32cubeide_1.14.0/plugins/com.st.stm32cube.ide.mcu.externaltools.gnu-tools-for-stm32.11.3.rel1.linux64_1.1.100.202309141235/tools/bin/../lib/gcc/arm-none-eabi/11.3.1/../../../../arm-none-eabi/lib/thumb/v7-m/nofp/libc_nano.a(libc_a-init.o)
 .ARM.attributes
                0x0000000000000476       0x1d /opt/st/stm32cubeide_1.14.0/plugins/com.st.stm32cube.ide.mcu.externaltools.gnu-tools-for-stm32.11.3.rel1.linux64_1.1.100.202309141235/tools/bin/../lib/gcc/arm-none-eabi/11.3.1/thumb/v7-m/nofp/crtn.o
OUTPUT(Robot3_F103RB_origin.elf elf32-littlearm)
LOAD linker stubs
LOAD /opt/st/stm32cubeide_1.14.0/plugins/com.st.stm32cube.ide.mcu.externaltools.gnu-tools-for-stm32.11.3.rel1.linux64_1.1.100.202309141235/tools/bin/../lib/gcc/arm-none-eabi/11.3.1/../../../../arm-none-eabi/lib/thumb/v7-m/nofp/libc.a
LOAD /opt/st/stm32cubeide_1.14.0/plugins/com.st.stm32cube.ide.mcu.externaltools.gnu-tools-for-stm32.11.3.rel1.linux64_1.1.100.202309141235/tools/bin/../lib/gcc/arm-none-eabi/11.3.1/../../../../arm-none-eabi/lib/thumb/v7-m/nofp/libm.a
LOAD /opt/st/stm32cubeide_1.14.0/plugins/com.st.stm32cube.ide.mcu.externaltools.gnu-tools-for-stm32.11.3.rel1.linux64_1.1.100.202309141235/tools/bin/../lib/gcc/arm-none-eabi/11.3.1/thumb/v7-m/nofp/libgcc.a

.comment        0x0000000000000000       0x43
 .comment       0x0000000000000000       0x43 /opt/st/stm32cubeide_1.14.0/plugins/com.st.stm32cube.ide.mcu.externaltools.gnu-tools-for-stm32.11.3.rel1.linux64_1.1.100.202309141235/tools/bin/../lib/gcc/arm-none-eabi/11.3.1/thumb/v7-m/nofp/crtbegin.o
                                         0x44 (size before relaxing)
 .comment       0x0000000000000043       0x44 ./Core/Src/adc.o
 .comment       0x0000000000000043       0x44 ./Core/Src/dma.o
 .comment       0x0000000000000043       0x44 ./Core/Src/gpio.o
 .comment       0x0000000000000043       0x44 ./Core/Src/main.o
 .comment       0x0000000000000043       0x44 ./Core/Src/stm32f1xx_hal_msp.o
 .comment       0x0000000000000043       0x44 ./Core/Src/stm32f1xx_it.o
 .comment       0x0000000000000043       0x44 ./Core/Src/system_stm32f1xx.o
 .comment       0x0000000000000043       0x44 ./Core/Src/tim.o
 .comment       0x0000000000000043       0x44 ./Core/Src/usart.o
 .comment       0x0000000000000043       0x44 ./Drivers/STM32F1xx_HAL_Driver/Src/stm32f1xx_hal.o
 .comment       0x0000000000000043       0x44 ./Drivers/STM32F1xx_HAL_Driver/Src/stm32f1xx_hal_adc.o
 .comment       0x0000000000000043       0x44 ./Drivers/STM32F1xx_HAL_Driver/Src/stm32f1xx_hal_adc_ex.o
 .comment       0x0000000000000043       0x44 ./Drivers/STM32F1xx_HAL_Driver/Src/stm32f1xx_hal_cortex.o
 .comment       0x0000000000000043       0x44 ./Drivers/STM32F1xx_HAL_Driver/Src/stm32f1xx_hal_dma.o
 .comment       0x0000000000000043       0x44 ./Drivers/STM32F1xx_HAL_Driver/Src/stm32f1xx_hal_gpio.o
 .comment       0x0000000000000043       0x44 ./Drivers/STM32F1xx_HAL_Driver/Src/stm32f1xx_hal_pwr.o
 .comment       0x0000000000000043       0x44 ./Drivers/STM32F1xx_HAL_Driver/Src/stm32f1xx_hal_rcc.o
 .comment       0x0000000000000043       0x44 ./Drivers/STM32F1xx_HAL_Driver/Src/stm32f1xx_hal_rcc_ex.o
 .comment       0x0000000000000043       0x44 ./Drivers/STM32F1xx_HAL_Driver/Src/stm32f1xx_hal_tim.o
 .comment       0x0000000000000043       0x44 ./Drivers/STM32F1xx_HAL_Driver/Src/stm32f1xx_hal_tim_ex.o
 .comment       0x0000000000000043       0x44 ./Drivers/STM32F1xx_HAL_Driver/Src/stm32f1xx_hal_uart.o

.debug_info     0x0000000000000000     0xe1a1
 .debug_info    0x0000000000000000      0xa37 ./Core/Src/adc.o
 .debug_info    0x0000000000000a37      0x2cf ./Core/Src/dma.o
 .debug_info    0x0000000000000d06      0x2d3 ./Core/Src/gpio.o
 .debug_info    0x0000000000000fd9     0x19c7 ./Core/Src/main.o
 .debug_info    0x00000000000029a0      0x1f1 ./Core/Src/stm32f1xx_hal_msp.o
 .debug_info    0x0000000000002b91      0xaa8 ./Core/Src/stm32f1xx_it.o
 .debug_info    0x0000000000003639      0x3ed ./Core/Src/system_stm32f1xx.o
 .debug_info    0x0000000000003a26     0x10cd ./Core/Src/tim.o
 .debug_info    0x0000000000004af3      0x9cb ./Core/Src/usart.o
 .debug_info    0x00000000000054be       0x23 ./Core/Startup/startup_stm32f103rbtx.o
 .debug_info    0x00000000000054e1      0x6ee ./Drivers/STM32F1xx_HAL_Driver/Src/stm32f1xx_hal.o
 .debug_info    0x0000000000005bcf      0xc2d ./Drivers/STM32F1xx_HAL_Driver/Src/stm32f1xx_hal_adc.o
 .debug_info    0x00000000000067fc      0xa0c ./Drivers/STM32F1xx_HAL_Driver/Src/stm32f1xx_hal_adc_ex.o
 .debug_info    0x0000000000007208      0xa87 ./Drivers/STM32F1xx_HAL_Driver/Src/stm32f1xx_hal_cortex.o
 .debug_info    0x0000000000007c8f      0x6cd ./Drivers/STM32F1xx_HAL_Driver/Src/stm32f1xx_hal_dma.o
 .debug_info    0x000000000000835c      0x59c ./Drivers/STM32F1xx_HAL_Driver/Src/stm32f1xx_hal_gpio.o
 .debug_info    0x00000000000088f8      0x628 ./Drivers/STM32F1xx_HAL_Driver/Src/stm32f1xx_hal_pwr.o
 .debug_info    0x0000000000008f20      0x7ee ./Drivers/STM32F1xx_HAL_Driver/Src/stm32f1xx_hal_rcc.o
 .debug_info    0x000000000000970e      0x3ba ./Drivers/STM32F1xx_HAL_Driver/Src/stm32f1xx_hal_rcc_ex.o
 .debug_info    0x0000000000009ac8     0x23fc ./Drivers/STM32F1xx_HAL_Driver/Src/stm32f1xx_hal_tim.o
 .debug_info    0x000000000000bec4     0x1147 ./Drivers/STM32F1xx_HAL_Driver/Src/stm32f1xx_hal_tim_ex.o
 .debug_info    0x000000000000d00b     0x1196 ./Drivers/STM32F1xx_HAL_Driver/Src/stm32f1xx_hal_uart.o

.debug_abbrev   0x0000000000000000     0x2aab
 .debug_abbrev  0x0000000000000000      0x211 ./Core/Src/adc.o
 .debug_abbrev  0x0000000000000211       0xfc ./Core/Src/dma.o
 .debug_abbrev  0x000000000000030d      0x13f ./Core/Src/gpio.o
 .debug_abbrev  0x000000000000044c      0x351 ./Core/Src/main.o
 .debug_abbrev  0x000000000000079d       0xdb ./Core/Src/stm32f1xx_hal_msp.o
 .debug_abbrev  0x0000000000000878      0x1a0 ./Core/Src/stm32f1xx_it.o
 .debug_abbrev  0x0000000000000a18      0x13d ./Core/Src/system_stm32f1xx.o
 .debug_abbrev  0x0000000000000b55      0x26f ./Core/Src/tim.o
 .debug_abbrev  0x0000000000000dc4      0x215 ./Core/Src/usart.o
 .debug_abbrev  0x0000000000000fd9       0x12 ./Core/Startup/startup_stm32f103rbtx.o
 .debug_abbrev  0x0000000000000feb      0x214 ./Drivers/STM32F1xx_HAL_Driver/Src/stm32f1xx_hal.o
 .debug_abbrev  0x00000000000011ff      0x225 ./Drivers/STM32F1xx_HAL_Driver/Src/stm32f1xx_hal_adc.o
 .debug_abbrev  0x0000000000001424      0x249 ./Drivers/STM32F1xx_HAL_Driver/Src/stm32f1xx_hal_adc_ex.o
 .debug_abbrev  0x000000000000166d      0x2f8 ./Drivers/STM32F1xx_HAL_Driver/Src/stm32f1xx_hal_cortex.o
 .debug_abbrev  0x0000000000001965      0x20b ./Drivers/STM32F1xx_HAL_Driver/Src/stm32f1xx_hal_dma.o
 .debug_abbrev  0x0000000000001b70      0x1ca ./Drivers/STM32F1xx_HAL_Driver/Src/stm32f1xx_hal_gpio.o
 .debug_abbrev  0x0000000000001d3a      0x1f6 ./Drivers/STM32F1xx_HAL_Driver/Src/stm32f1xx_hal_pwr.o
 .debug_abbrev  0x0000000000001f30      0x2b1 ./Drivers/STM32F1xx_HAL_Driver/Src/stm32f1xx_hal_rcc.o
 .debug_abbrev  0x00000000000021e1      0x188 ./Drivers/STM32F1xx_HAL_Driver/Src/stm32f1xx_hal_rcc_ex.o
 .debug_abbrev  0x0000000000002369      0x270 ./Drivers/STM32F1xx_HAL_Driver/Src/stm32f1xx_hal_tim.o
 .debug_abbrev  0x00000000000025d9      0x260 ./Drivers/STM32F1xx_HAL_Driver/Src/stm32f1xx_hal_tim_ex.o
 .debug_abbrev  0x0000000000002839      0x272 ./Drivers/STM32F1xx_HAL_Driver/Src/stm32f1xx_hal_uart.o

.debug_aranges  0x0000000000000000      0xf18
 .debug_aranges
                0x0000000000000000       0x30 ./Core/Src/adc.o
 .debug_aranges
                0x0000000000000030       0x20 ./Core/Src/dma.o
 .debug_aranges
                0x0000000000000050       0x20 ./Core/Src/gpio.o
 .debug_aranges
                0x0000000000000070       0xe0 ./Core/Src/main.o
 .debug_aranges
                0x0000000000000150       0x20 ./Core/Src/stm32f1xx_hal_msp.o
 .debug_aranges
                0x0000000000000170       0x58 ./Core/Src/stm32f1xx_it.o
 .debug_aranges
                0x00000000000001c8       0x28 ./Core/Src/system_stm32f1xx.o
 .debug_aranges
                0x00000000000001f0       0x70 ./Core/Src/tim.o
 .debug_aranges
                0x0000000000000260       0x38 ./Core/Src/usart.o
 .debug_aranges
                0x0000000000000298       0x28 ./Core/Startup/startup_stm32f103rbtx.o
 .debug_aranges
                0x00000000000002c0       0xe0 ./Drivers/STM32F1xx_HAL_Driver/Src/stm32f1xx_hal.o
 .debug_aranges
                0x00000000000003a0       0xf0 ./Drivers/STM32F1xx_HAL_Driver/Src/stm32f1xx_hal_adc.o
 .debug_aranges
                0x0000000000000490       0x80 ./Drivers/STM32F1xx_HAL_Driver/Src/stm32f1xx_hal_adc_ex.o
 .debug_aranges
                0x0000000000000510      0x100 ./Drivers/STM32F1xx_HAL_Driver/Src/stm32f1xx_hal_cortex.o
 .debug_aranges
                0x0000000000000610       0x80 ./Drivers/STM32F1xx_HAL_Driver/Src/stm32f1xx_hal_dma.o
 .debug_aranges
                0x0000000000000690       0x58 ./Drivers/STM32F1xx_HAL_Driver/Src/stm32f1xx_hal_gpio.o
 .debug_aranges
                0x00000000000006e8       0xa8 ./Drivers/STM32F1xx_HAL_Driver/Src/stm32f1xx_hal_pwr.o
 .debug_aranges
                0x0000000000000790       0x90 ./Drivers/STM32F1xx_HAL_Driver/Src/stm32f1xx_hal_rcc.o
 .debug_aranges
                0x0000000000000820       0x30 ./Drivers/STM32F1xx_HAL_Driver/Src/stm32f1xx_hal_rcc_ex.o
 .debug_aranges
                0x0000000000000850      0x3a8 ./Drivers/STM32F1xx_HAL_Driver/Src/stm32f1xx_hal_tim.o
 .debug_aranges
                0x0000000000000bf8      0x150 ./Drivers/STM32F1xx_HAL_Driver/Src/stm32f1xx_hal_tim_ex.o
 .debug_aranges
                0x0000000000000d48      0x1d0 ./Drivers/STM32F1xx_HAL_Driver/Src/stm32f1xx_hal_uart.o

.debug_rnglists
                0x0000000000000000      0xb7c
 .debug_rnglists
                0x0000000000000000       0x21 ./Core/Src/adc.o
 .debug_rnglists
                0x0000000000000021       0x13 ./Core/Src/dma.o
 .debug_rnglists
                0x0000000000000034       0x14 ./Core/Src/gpio.o
 .debug_rnglists
                0x0000000000000048       0xaf ./Core/Src/main.o
 .debug_rnglists
                0x00000000000000f7       0x13 ./Core/Src/stm32f1xx_hal_msp.o
 .debug_rnglists
                0x000000000000010a       0x3d ./Core/Src/stm32f1xx_it.o
 .debug_rnglists
                0x0000000000000147       0x1a ./Core/Src/system_stm32f1xx.o
 .debug_rnglists
                0x0000000000000161       0x56 ./Core/Src/tim.o
 .debug_rnglists
                0x00000000000001b7       0x26 ./Core/Src/usart.o
 .debug_rnglists
                0x00000000000001dd       0x19 ./Core/Startup/startup_stm32f103rbtx.o
 .debug_rnglists
                0x00000000000001f6       0xa3 ./Drivers/STM32F1xx_HAL_Driver/Src/stm32f1xx_hal.o
 .debug_rnglists
                0x0000000000000299       0xba ./Drivers/STM32F1xx_HAL_Driver/Src/stm32f1xx_hal_adc.o
 .debug_rnglists
                0x0000000000000353       0x65 ./Drivers/STM32F1xx_HAL_Driver/Src/stm32f1xx_hal_adc_ex.o
 .debug_rnglists
                0x00000000000003b8       0xbb ./Drivers/STM32F1xx_HAL_Driver/Src/stm32f1xx_hal_cortex.o
 .debug_rnglists
                0x0000000000000473       0x64 ./Drivers/STM32F1xx_HAL_Driver/Src/stm32f1xx_hal_dma.o
 .debug_rnglists
                0x00000000000004d7       0x3f ./Drivers/STM32F1xx_HAL_Driver/Src/stm32f1xx_hal_gpio.o
 .debug_rnglists
                0x0000000000000516       0x7a ./Drivers/STM32F1xx_HAL_Driver/Src/stm32f1xx_hal_pwr.o
 .debug_rnglists
                0x0000000000000590       0x6c ./Drivers/STM32F1xx_HAL_Driver/Src/stm32f1xx_hal_rcc.o
 .debug_rnglists
                0x00000000000005fc       0x21 ./Drivers/STM32F1xx_HAL_Driver/Src/stm32f1xx_hal_rcc_ex.o
 .debug_rnglists
                0x000000000000061d      0x2e5 ./Drivers/STM32F1xx_HAL_Driver/Src/stm32f1xx_hal_tim.o
 .debug_rnglists
                0x0000000000000902      0x10a ./Drivers/STM32F1xx_HAL_Driver/Src/stm32f1xx_hal_tim_ex.o
 .debug_rnglists
                0x0000000000000a0c      0x170 ./Drivers/STM32F1xx_HAL_Driver/Src/stm32f1xx_hal_uart.o

.debug_macro    0x0000000000000000    0x15a89
 .debug_macro   0x0000000000000000      0x1c7 ./Core/Src/adc.o
 .debug_macro   0x00000000000001c7      0xa9c ./Core/Src/adc.o
 .debug_macro   0x0000000000000c63      0x227 ./Core/Src/adc.o
 .debug_macro   0x0000000000000e8a       0x2e ./Core/Src/adc.o
 .debug_macro   0x0000000000000eb8       0x22 ./Core/Src/adc.o
 .debug_macro   0x0000000000000eda       0x22 ./Core/Src/adc.o
 .debug_macro   0x0000000000000efc       0x8e ./Core/Src/adc.o
 .debug_macro   0x0000000000000f8a       0x51 ./Core/Src/adc.o
 .debug_macro   0x0000000000000fdb      0x103 ./Core/Src/adc.o
 .debug_macro   0x00000000000010de       0x6a ./Core/Src/adc.o
 .debug_macro   0x0000000000001148      0x1df ./Core/Src/adc.o
 .debug_macro   0x0000000000001327       0x1c ./Core/Src/adc.o
 .debug_macro   0x0000000000001343       0x22 ./Core/Src/adc.o
 .debug_macro   0x0000000000001365       0xbd ./Core/Src/adc.o
 .debug_macro   0x0000000000001422      0xd23 ./Core/Src/adc.o
 .debug_macro   0x0000000000002145     0xe09e ./Core/Src/adc.o
 .debug_macro   0x00000000000101e3       0x43 ./Core/Src/adc.o
 .debug_macro   0x0000000000010226      0x174 ./Core/Src/adc.o
 .debug_macro   0x000000000001039a       0x5a ./Core/Src/adc.o
 .debug_macro   0x00000000000103f4      0x5be ./Core/Src/adc.o
 .debug_macro   0x00000000000109b2      0x289 ./Core/Src/adc.o
 .debug_macro   0x0000000000010c3b      0x1cb ./Core/Src/adc.o
 .debug_macro   0x0000000000010e06      0x114 ./Core/Src/adc.o
 .debug_macro   0x0000000000010f1a      0x1b2 ./Core/Src/adc.o
 .debug_macro   0x00000000000110cc       0x27 ./Core/Src/adc.o
 .debug_macro   0x00000000000110f3      0x136 ./Core/Src/adc.o
 .debug_macro   0x0000000000011229      0x1bc ./Core/Src/adc.o
 .debug_macro   0x00000000000113e5       0x34 ./Core/Src/adc.o
 .debug_macro   0x0000000000011419       0x3c ./Core/Src/adc.o
 .debug_macro   0x0000000000011455       0x57 ./Core/Src/adc.o
 .debug_macro   0x00000000000114ac      0x46a ./Core/Src/adc.o
 .debug_macro   0x0000000000011916      0x1b5 ./Core/Src/adc.o
 .debug_macro   0x0000000000011acb       0x88 ./Core/Src/adc.o
 .debug_macro   0x0000000000011b53      0x241 ./Core/Src/adc.o
 .debug_macro   0x0000000000011d94      0x141 ./Core/Src/adc.o
 .debug_macro   0x0000000000011ed5      0x88b ./Core/Src/adc.o
 .debug_macro   0x0000000000012760      0x26b ./Core/Src/adc.o
 .debug_macro   0x00000000000129cb       0x83 ./Core/Src/adc.o
 .debug_macro   0x0000000000012a4e      0x142 ./Core/Src/adc.o
 .debug_macro   0x0000000000012b90      0x1c7 ./Core/Src/dma.o
 .debug_macro   0x0000000000012d57      0x1c7 ./Core/Src/gpio.o
 .debug_macro   0x0000000000012f1e      0x3a1 ./Core/Src/main.o
 .debug_macro   0x00000000000132bf       0x24 ./Core/Src/main.o
 .debug_macro   0x00000000000132e3       0x61 ./Core/Src/main.o
 .debug_macro   0x0000000000013344       0x43 ./Core/Src/main.o
 .debug_macro   0x0000000000013387       0x34 ./Core/Src/main.o
 .debug_macro   0x00000000000133bb       0x16 ./Core/Src/main.o
 .debug_macro   0x00000000000133d1       0x35 ./Core/Src/main.o
 .debug_macro   0x0000000000013406       0x16 ./Core/Src/main.o
 .debug_macro   0x000000000001341c       0x43 ./Core/Src/main.o
 .debug_macro   0x000000000001345f       0x34 ./Core/Src/main.o
 .debug_macro   0x0000000000013493       0x10 ./Core/Src/main.o
 .debug_macro   0x00000000000134a3       0x58 ./Core/Src/main.o
 .debug_macro   0x00000000000134fb       0x8e ./Core/Src/main.o
 .debug_macro   0x0000000000013589       0x1c ./Core/Src/main.o
 .debug_macro   0x00000000000135a5      0x177 ./Core/Src/main.o
 .debug_macro   0x000000000001371c      0x369 ./Core/Src/main.o
 .debug_macro   0x0000000000013a85       0x16 ./Core/Src/main.o
 .debug_macro   0x0000000000013a9b       0x29 ./Core/Src/main.o
 .debug_macro   0x0000000000013ac4       0x1c ./Core/Src/main.o
 .debug_macro   0x0000000000013ae0       0x10 ./Core/Src/main.o
 .debug_macro   0x0000000000013af0       0x1c ./Core/Src/main.o
 .debug_macro   0x0000000000013b0c       0x16 ./Core/Src/main.o
 .debug_macro   0x0000000000013b22      0x147 ./Core/Src/main.o
 .debug_macro   0x0000000000013c69      0x1bd ./Core/Src/stm32f1xx_hal_msp.o
 .debug_macro   0x0000000000013e26      0x1c7 ./Core/Src/stm32f1xx_it.o
 .debug_macro   0x0000000000013fed      0x1b4 ./Core/Src/system_stm32f1xx.o
 .debug_macro   0x00000000000141a1      0x1c7 ./Core/Src/tim.o
 .debug_macro   0x0000000000014368      0x1c7 ./Core/Src/usart.o
 .debug_macro   0x000000000001452f      0x1d2 ./Drivers/STM32F1xx_HAL_Driver/Src/stm32f1xx_hal.o
 .debug_macro   0x0000000000014701      0x1cb ./Drivers/STM32F1xx_HAL_Driver/Src/stm32f1xx_hal_adc.o
 .debug_macro   0x00000000000148cc      0x1c0 ./Drivers/STM32F1xx_HAL_Driver/Src/stm32f1xx_hal_adc_ex.o
 .debug_macro   0x0000000000014a8c      0x1ae ./Drivers/STM32F1xx_HAL_Driver/Src/stm32f1xx_hal_cortex.o
 .debug_macro   0x0000000000014c3a      0x1ae ./Drivers/STM32F1xx_HAL_Driver/Src/stm32f1xx_hal_dma.o
 .debug_macro   0x0000000000014de8      0x219 ./Drivers/STM32F1xx_HAL_Driver/Src/stm32f1xx_hal_gpio.o
 .debug_macro   0x0000000000015001      0x20e ./Drivers/STM32F1xx_HAL_Driver/Src/stm32f1xx_hal_pwr.o
 .debug_macro   0x000000000001520f      0x1c0 ./Drivers/STM32F1xx_HAL_Driver/Src/stm32f1xx_hal_rcc.o
 .debug_macro   0x00000000000153cf      0x1ae ./Drivers/STM32F1xx_HAL_Driver/Src/stm32f1xx_hal_rcc_ex.o
 .debug_macro   0x000000000001557d      0x1af ./Drivers/STM32F1xx_HAL_Driver/Src/stm32f1xx_hal_tim.o
 .debug_macro   0x000000000001572c      0x1ae ./Drivers/STM32F1xx_HAL_Driver/Src/stm32f1xx_hal_tim_ex.o
 .debug_macro   0x00000000000158da      0x1af ./Drivers/STM32F1xx_HAL_Driver/Src/stm32f1xx_hal_uart.o

.debug_line     0x0000000000000000     0xff52
 .debug_line    0x0000000000000000      0x736 ./Core/Src/adc.o
 .debug_line    0x0000000000000736      0x635 ./Core/Src/dma.o
 .debug_line    0x0000000000000d6b      0x69f ./Core/Src/gpio.o
 .debug_line    0x000000000000140a     0x13bd ./Core/Src/main.o
 .debug_line    0x00000000000027c7      0x63b ./Core/Src/stm32f1xx_hal_msp.o
 .debug_line    0x0000000000002e02      0x6ee ./Core/Src/stm32f1xx_it.o
 .debug_line    0x00000000000034f0      0x6d5 ./Core/Src/system_stm32f1xx.o
 .debug_line    0x0000000000003bc5      0x97b ./Core/Src/tim.o
 .debug_line    0x0000000000004540      0x71f ./Core/Src/usart.o
 .debug_line    0x0000000000004c5f       0x76 ./Core/Startup/startup_stm32f103rbtx.o
 .debug_line    0x0000000000004cd5      0x8df ./Drivers/STM32F1xx_HAL_Driver/Src/stm32f1xx_hal.o
 .debug_line    0x00000000000055b4      0xf34 ./Drivers/STM32F1xx_HAL_Driver/Src/stm32f1xx_hal_adc.o
 .debug_line    0x00000000000064e8      0xc80 ./Drivers/STM32F1xx_HAL_Driver/Src/stm32f1xx_hal_adc_ex.o
 .debug_line    0x0000000000007168      0xacd ./Drivers/STM32F1xx_HAL_Driver/Src/stm32f1xx_hal_cortex.o
 .debug_line    0x0000000000007c35      0xd3d ./Drivers/STM32F1xx_HAL_Driver/Src/stm32f1xx_hal_dma.o
 .debug_line    0x0000000000008972      0x97f ./Drivers/STM32F1xx_HAL_Driver/Src/stm32f1xx_hal_gpio.o
 .debug_line    0x00000000000092f1      0x867 ./Drivers/STM32F1xx_HAL_Driver/Src/stm32f1xx_hal_pwr.o
 .debug_line    0x0000000000009b58      0xcf0 ./Drivers/STM32F1xx_HAL_Driver/Src/stm32f1xx_hal_rcc.o
 .debug_line    0x000000000000a848      0x82e ./Drivers/STM32F1xx_HAL_Driver/Src/stm32f1xx_hal_rcc_ex.o
 .debug_line    0x000000000000b076     0x2738 ./Drivers/STM32F1xx_HAL_Driver/Src/stm32f1xx_hal_tim.o
 .debug_line    0x000000000000d7ae     0x10de ./Drivers/STM32F1xx_HAL_Driver/Src/stm32f1xx_hal_tim_ex.o
 .debug_line    0x000000000000e88c     0x16c6 ./Drivers/STM32F1xx_HAL_Driver/Src/stm32f1xx_hal_uart.o

.debug_str      0x0000000000000000    0x77458
 .debug_str     0x0000000000000000    0x6fb7b ./Core/Src/adc.o
                                      0x6ff42 (size before relaxing)
 .debug_str     0x000000000006fb7b       0x29 ./Core/Src/dma.o
                                      0x6fa3b (size before relaxing)
 .debug_str     0x000000000006fba4       0x4c ./Core/Src/gpio.o
                                      0x6f7dd (size before relaxing)
 .debug_str     0x000000000006fbf0     0x453b ./Core/Src/main.o
                                      0x743b0 (size before relaxing)
 .debug_str     0x000000000007412b       0x5a ./Core/Src/stm32f1xx_hal_msp.o
                                      0x6f765 (size before relaxing)
 .debug_str     0x0000000000074185      0x124 ./Core/Src/stm32f1xx_it.o
                                      0x6feda (size before relaxing)
 .debug_str     0x00000000000742a9       0xee ./Core/Src/system_stm32f1xx.o
                                      0x6f370 (size before relaxing)
 .debug_str     0x0000000000074397      0x4a7 ./Core/Src/tim.o
                                      0x70406 (size before relaxing)
 .debug_str     0x000000000007483e       0x51 ./Core/Src/usart.o
                                      0x6ff3c (size before relaxing)
 .debug_str     0x000000000007488f       0x34 ./Core/Startup/startup_stm32f103rbtx.o
                                         0x98 (size before relaxing)
 .debug_str     0x00000000000748c3      0x438 ./Drivers/STM32F1xx_HAL_Driver/Src/stm32f1xx_hal.o
                                      0x6fa1c (size before relaxing)
 .debug_str     0x0000000000074cfb      0x2b2 ./Drivers/STM32F1xx_HAL_Driver/Src/stm32f1xx_hal_adc.o
                                      0x6f9d3 (size before relaxing)
 .debug_str     0x0000000000074fad      0x2d8 ./Drivers/STM32F1xx_HAL_Driver/Src/stm32f1xx_hal_adc_ex.o
                                      0x6f9aa (size before relaxing)
 .debug_str     0x0000000000075285      0x25c ./Drivers/STM32F1xx_HAL_Driver/Src/stm32f1xx_hal_cortex.o
                                      0x6f975 (size before relaxing)
 .debug_str     0x00000000000754e1      0x1f1 ./Drivers/STM32F1xx_HAL_Driver/Src/stm32f1xx_hal_dma.o
                                      0x6f69f (size before relaxing)
 .debug_str     0x00000000000756d2      0x2a8 ./Drivers/STM32F1xx_HAL_Driver/Src/stm32f1xx_hal_gpio.o
                                      0x6f67c (size before relaxing)
 .debug_str     0x000000000007597a      0x509 ./Drivers/STM32F1xx_HAL_Driver/Src/stm32f1xx_hal_pwr.o
                                      0x6f82d (size before relaxing)
 .debug_str     0x0000000000075e83      0x231 ./Drivers/STM32F1xx_HAL_Driver/Src/stm32f1xx_hal_rcc.o
                                      0x6f725 (size before relaxing)
 .debug_str     0x00000000000760b4       0x84 ./Drivers/STM32F1xx_HAL_Driver/Src/stm32f1xx_hal_rcc_ex.o
                                      0x6f475 (size before relaxing)
 .debug_str     0x0000000000076138      0xa7a ./Drivers/STM32F1xx_HAL_Driver/Src/stm32f1xx_hal_tim.o
                                      0x70509 (size before relaxing)
 .debug_str     0x0000000000076bb2      0x3f0 ./Drivers/STM32F1xx_HAL_Driver/Src/stm32f1xx_hal_tim_ex.o
                                      0x6fd52 (size before relaxing)
 .debug_str     0x0000000000076fa2      0x4b6 ./Drivers/STM32F1xx_HAL_Driver/Src/stm32f1xx_hal_uart.o
                                      0x6fc2d (size before relaxing)

.debug_frame    0x0000000000000000     0x3cc8
 .debug_frame   0x0000000000000000       0x7c ./Core/Src/adc.o
 .debug_frame   0x000000000000007c       0x34 ./Core/Src/dma.o
 .debug_frame   0x00000000000000b0       0x34 ./Core/Src/gpio.o
 .debug_frame   0x00000000000000e4      0x340 ./Core/Src/main.o
 .debug_frame   0x0000000000000424       0x38 ./Core/Src/stm32f1xx_hal_msp.o
 .debug_frame   0x000000000000045c       0xf0 ./Core/Src/stm32f1xx_it.o
 .debug_frame   0x000000000000054c       0x58 ./Core/Src/system_stm32f1xx.o
 .debug_frame   0x00000000000005a4      0x19c ./Core/Src/tim.o
 .debug_frame   0x0000000000000740       0x90 ./Core/Src/usart.o
 .debug_frame   0x00000000000007d0      0x334 ./Drivers/STM32F1xx_HAL_Driver/Src/stm32f1xx_hal.o
 .debug_frame   0x0000000000000b04      0x40c ./Drivers/STM32F1xx_HAL_Driver/Src/stm32f1xx_hal_adc.o
 .debug_frame   0x0000000000000f10      0x204 ./Drivers/STM32F1xx_HAL_Driver/Src/stm32f1xx_hal_adc_ex.o
 .debug_frame   0x0000000000001114      0x428 ./Drivers/STM32F1xx_HAL_Driver/Src/stm32f1xx_hal_cortex.o
 .debug_frame   0x000000000000153c      0x208 ./Drivers/STM32F1xx_HAL_Driver/Src/stm32f1xx_hal_dma.o
 .debug_frame   0x0000000000001744      0x14c ./Drivers/STM32F1xx_HAL_Driver/Src/stm32f1xx_hal_gpio.o
 .debug_frame   0x0000000000001890      0x270 ./Drivers/STM32F1xx_HAL_Driver/Src/stm32f1xx_hal_pwr.o
 .debug_frame   0x0000000000001b00      0x21c ./Drivers/STM32F1xx_HAL_Driver/Src/stm32f1xx_hal_rcc.o
 .debug_frame   0x0000000000001d1c       0x84 ./Drivers/STM32F1xx_HAL_Driver/Src/stm32f1xx_hal_rcc_ex.o
 .debug_frame   0x0000000000001da0     0x10e8 ./Drivers/STM32F1xx_HAL_Driver/Src/stm32f1xx_hal_tim.o
 .debug_frame   0x0000000000002e88      0x5c0 ./Drivers/STM32F1xx_HAL_Driver/Src/stm32f1xx_hal_tim_ex.o
 .debug_frame   0x0000000000003448      0x834 ./Drivers/STM32F1xx_HAL_Driver/Src/stm32f1xx_hal_uart.o
 .debug_frame   0x0000000000003c7c       0x20 /opt/st/stm32cubeide_1.14.0/plugins/com.st.stm32cube.ide.mcu.externaltools.gnu-tools-for-stm32.11.3.rel1.linux64_1.1.100.202309141235/tools/bin/../lib/gcc/arm-none-eabi/11.3.1/../../../../arm-none-eabi/lib/thumb/v7-m/nofp/libc_nano.a(libc_a-memset.o)
 .debug_frame   0x0000000000003c9c       0x2c /opt/st/stm32cubeide_1.14.0/plugins/com.st.stm32cube.ide.mcu.externaltools.gnu-tools-for-stm32.11.3.rel1.linux64_1.1.100.202309141235/tools/bin/../lib/gcc/arm-none-eabi/11.3.1/../../../../arm-none-eabi/lib/thumb/v7-m/nofp/libc_nano.a(libc_a-init.o)

.debug_line_str
                0x0000000000000000       0x8c
 .debug_line_str
                0x0000000000000000       0x8c ./Core/Startup/startup_stm32f103rbtx.o
                                         0xa4 (size before relaxing)
