../Core/Src/main.c:252:6:Gestion_Commandes.part.0	8	static
../Core/Src/main.c:196:6:SystemClock_Config	96	static
../Core/Src/main.c:252:6:Gestion_Commandes	0	static
../Core/Src/main.c:816:6:ACS	8	static
../Core/Src/main.c:910:6:Calcul_Vit	8	static
../Core/Src/main.c:923:6:regulateur	16	static
../Core/Src/main.c:805:6:controle	8	static
../Core/Src/main.c:133:5:main	8	static
../Core/Src/main.c:1014:6:HAL_UART_RxCpltCallback	0	static
../Core/Src/main.c:1055:6:HAL_ADC_ConvCpltCallback	4	static
../Core/Src/main.c:1065:6:HAL_TIM_PeriodElapsedCallback	8	static
../Core/Src/main.c:1102:6:HAL_GPIO_EXTI_Callback	0	static
../Core/Src/main.c:1120:6:Error_Handler	0	static
