../Core/Src/main.c:220:5:main	16	static
../Core/Src/main.c:296:6:SystemClock_Config	88	static
../Core/Src/main.c:341:13:MX_NVIC_Init	8	static
../Core/Src/main.c:352:6:Gestion_Commandes	8	static
../Core/Src/main.c:944:6:controle	8	static
../Core/Src/main.c:955:6:ACS	4	static
../Core/Src/main.c:1049:6:Calcul_Vit	4	static
../Core/Src/main.c:1062:6:regulateur	24	static
../Core/Src/main.c:1153:6:HAL_UART_RxCpltCallback	16	static
../Core/Src/main.c:1224:6:HAL_ADC_ConvCpltCallback	16	static
../Core/Src/main.c:1234:6:HAL_TIM_PeriodElapsedCallback	16	static
../Core/Src/main.c:1276:6:HAL_GPIO_EXTI_Callback	16	static
../Core/Src/main.c:1289:6:HAL_ADC_LevelOutOfWindowCallback	16	static
../Core/Src/main.c:1293:6:HAL_TIM_IC_CaptureCallback	16	static
../Core/Src/main.c:1301:6:SonarStart	8	static
../Core/Src/main.c:1305:6:SonarStop	8	static
../Core/Src/main.c:1309:6:ServoAngle	16	static
../Core/Src/main.c:1331:6:MesurePosition	8	static
../Core/Src/main.c:1381:6:MES_PARK	8	static
../Core/Src/main.c:1431:6:TurnRight	4	static
../Core/Src/main.c:1443:6:TurnLeft	4	static
../Core/Src/main.c:1455:6:MOVPARK	8	static
../Core/Src/main.c:1547:6:SonarDistance	4	static
../Core/Src/main.c:1569:6:ENVOYER	8	static
../Core/Src/main.c:1581:6:Error_Handler	4	static
